<?xml version="1.0"?>
<link_info>
   <banner>TI ARM Linker PC v5.1.5</banner>
   <copyright>Copyright (c) 1996-2014 Texas Instruments Incorporated</copyright>
   <link_time>0x53bab265</link_time>
   <link_errors>0x0</link_errors>
   <output_file>final_projectOS.out</output_file>
   <entry_point>
      <name>_c_int00</name>
      <address>0x18c5</address>
   </entry_point>
   <input_file_list>
      <input_file id="fl-2">
         <path>.\drivers\</path>
         <kind>object</kind>
         <file>rgb.obj</file>
         <name>rgb.obj</name>
      </input_file>
      <input_file id="fl-3">
         <path>.\drivers\</path>
         <kind>object</kind>
         <file>buttons.obj</file>
         <name>buttons.obj</name>
      </input_file>
      <input_file id="fl-4">
         <path>.\third_party\FreeRTOS\Source\portable\CCS\ARM_CM4F\</path>
         <kind>object</kind>
         <file>portasm.obj</file>
         <name>portasm.obj</name>
      </input_file>
      <input_file id="fl-5">
         <path>.\third_party\FreeRTOS\Source\portable\CCS\ARM_CM4F\</path>
         <kind>object</kind>
         <file>port.obj</file>
         <name>port.obj</name>
      </input_file>
      <input_file id="fl-6">
         <path>.\third_party\FreeRTOS\Source\portable\MemMang\</path>
         <kind>object</kind>
         <file>heap_2.obj</file>
         <name>heap_2.obj</name>
      </input_file>
      <input_file id="fl-7">
         <path>.\third_party\FreeRTOS\Source\</path>
         <kind>object</kind>
         <file>tasks.obj</file>
         <name>tasks.obj</name>
      </input_file>
      <input_file id="fl-8">
         <path>.\third_party\FreeRTOS\Source\</path>
         <kind>object</kind>
         <file>queue.obj</file>
         <name>queue.obj</name>
      </input_file>
      <input_file id="fl-9">
         <path>.\third_party\FreeRTOS\Source\</path>
         <kind>object</kind>
         <file>list.obj</file>
         <name>list.obj</name>
      </input_file>
      <input_file id="fl-a">
         <path>.\utils\</path>
         <kind>object</kind>
         <file>ustdlib.obj</file>
         <name>ustdlib.obj</name>
      </input_file>
      <input_file id="fl-b">
         <path>.\utils\</path>
         <kind>object</kind>
         <file>uartstdio.obj</file>
         <name>uartstdio.obj</name>
      </input_file>
      <input_file id="fl-c">
         <path>.\</path>
         <kind>object</kind>
         <file>tarefa_switch.obj</file>
         <name>tarefa_switch.obj</name>
      </input_file>
      <input_file id="fl-d">
         <path>.\</path>
         <kind>object</kind>
         <file>tarefa_servo.obj</file>
         <name>tarefa_servo.obj</name>
      </input_file>
      <input_file id="fl-e">
         <path>.\</path>
         <kind>object</kind>
         <file>startup_ccs.obj</file>
         <name>startup_ccs.obj</name>
      </input_file>
      <input_file id="fl-f">
         <path>.\</path>
         <kind>object</kind>
         <file>freertos_demo.obj</file>
         <name>freertos_demo.obj</name>
      </input_file>
      <input_file id="fl-13d">
         <path>c:\ti\ccsv6\tools\compiler\arm_5.1.5\lib\</path>
         <kind>archive</kind>
         <file>rtsv7M4_T_le_v4SPD16_eabi.lib</file>
         <name>boot.obj</name>
      </input_file>
      <input_file id="fl-13e">
         <path>c:\ti\ccsv6\tools\compiler\arm_5.1.5\lib\</path>
         <kind>archive</kind>
         <file>rtsv7M4_T_le_v4SPD16_eabi.lib</file>
         <name>copy_decompress_none.obj</name>
      </input_file>
      <input_file id="fl-13f">
         <path>c:\ti\ccsv6\tools\compiler\arm_5.1.5\lib\</path>
         <kind>archive</kind>
         <file>rtsv7M4_T_le_v4SPD16_eabi.lib</file>
         <name>copy_decompress_rle.obj</name>
      </input_file>
      <input_file id="fl-140">
         <path>c:\ti\ccsv6\tools\compiler\arm_5.1.5\lib\</path>
         <kind>archive</kind>
         <file>rtsv7M4_T_le_v4SPD16_eabi.lib</file>
         <name>copy_zero_init.obj</name>
      </input_file>
      <input_file id="fl-141">
         <path>c:\ti\ccsv6\tools\compiler\arm_5.1.5\lib\</path>
         <kind>archive</kind>
         <file>rtsv7M4_T_le_v4SPD16_eabi.lib</file>
         <name>exit.obj</name>
      </input_file>
      <input_file id="fl-142">
         <path>c:\ti\ccsv6\tools\compiler\arm_5.1.5\lib\</path>
         <kind>archive</kind>
         <file>rtsv7M4_T_le_v4SPD16_eabi.lib</file>
         <name>fs_toull_t2.obj</name>
      </input_file>
      <input_file id="fl-143">
         <path>c:\ti\ccsv6\tools\compiler\arm_5.1.5\lib\</path>
         <kind>archive</kind>
         <file>rtsv7M4_T_le_v4SPD16_eabi.lib</file>
         <name>memcmp.obj</name>
      </input_file>
      <input_file id="fl-144">
         <path>c:\ti\ccsv6\tools\compiler\arm_5.1.5\lib\</path>
         <kind>archive</kind>
         <file>rtsv7M4_T_le_v4SPD16_eabi.lib</file>
         <name>memcpy_t2.obj</name>
      </input_file>
      <input_file id="fl-145">
         <path>c:\ti\ccsv6\tools\compiler\arm_5.1.5\lib\</path>
         <kind>archive</kind>
         <file>rtsv7M4_T_le_v4SPD16_eabi.lib</file>
         <name>memset_t2.obj</name>
      </input_file>
      <input_file id="fl-146">
         <path>c:\ti\ccsv6\tools\compiler\arm_5.1.5\lib\</path>
         <kind>archive</kind>
         <file>rtsv7M4_T_le_v4SPD16_eabi.lib</file>
         <name>stkdepth_vars.obj</name>
      </input_file>
      <input_file id="fl-147">
         <path>c:\ti\ccsv6\tools\compiler\arm_5.1.5\lib\</path>
         <kind>archive</kind>
         <file>rtsv7M4_T_le_v4SPD16_eabi.lib</file>
         <name>u_divt2.obj</name>
      </input_file>
      <input_file id="fl-148">
         <path>c:\ti\ccsv6\tools\compiler\arm_5.1.5\lib\</path>
         <kind>archive</kind>
         <file>rtsv7M4_T_le_v4SPD16_eabi.lib</file>
         <name>_lock.obj</name>
      </input_file>
      <input_file id="fl-149">
         <path>c:\ti\ccsv6\tools\compiler\arm_5.1.5\lib\</path>
         <kind>archive</kind>
         <file>rtsv7M4_T_le_v4SPD16_eabi.lib</file>
         <name>args_main.obj</name>
      </input_file>
      <input_file id="fl-14a">
         <path>c:\ti\ccsv6\tools\compiler\arm_5.1.5\lib\</path>
         <kind>archive</kind>
         <file>rtsv7M4_T_le_v4SPD16_eabi.lib</file>
         <name>auto_init.obj</name>
      </input_file>
      <input_file id="fl-14b">
         <path>c:\ti\ccsv6\tools\compiler\arm_5.1.5\lib\</path>
         <kind>archive</kind>
         <file>rtsv7M4_T_le_v4SPD16_eabi.lib</file>
         <name>cpy_tbl.obj</name>
      </input_file>
      <input_file id="fl-14c">
         <path>C:\ti\TivaWare_C_Series-2.1.0.12573\examples\boards\ek-tm4c123gxl\freertos_demo\ccs\..\..\..\..\..\driverlib\ccs\Debug\</path>
         <kind>archive</kind>
         <file>driverlib.lib</file>
         <name>uart.obj</name>
      </input_file>
      <input_file id="fl-14d">
         <path>C:\ti\TivaWare_C_Series-2.1.0.12573\examples\boards\ek-tm4c123gxl\freertos_demo\ccs\..\..\..\..\..\driverlib\ccs\Debug\</path>
         <kind>archive</kind>
         <file>driverlib.lib</file>
         <name>sysctl.obj</name>
      </input_file>
      <input_file id="fl-14e">
         <path>C:\ti\TivaWare_C_Series-2.1.0.12573\examples\boards\ek-tm4c123gxl\freertos_demo\ccs\..\..\..\..\..\driverlib\ccs\Debug\</path>
         <kind>archive</kind>
         <file>driverlib.lib</file>
         <name>pwm.obj</name>
      </input_file>
      <input_file id="fl-14f">
         <path>C:\ti\TivaWare_C_Series-2.1.0.12573\examples\boards\ek-tm4c123gxl\freertos_demo\ccs\..\..\..\..\..\driverlib\ccs\Debug\</path>
         <kind>archive</kind>
         <file>driverlib.lib</file>
         <name>interrupt.obj</name>
      </input_file>
      <input_file id="fl-150">
         <path>C:\ti\TivaWare_C_Series-2.1.0.12573\examples\boards\ek-tm4c123gxl\freertos_demo\ccs\..\..\..\..\..\driverlib\ccs\Debug\</path>
         <kind>archive</kind>
         <file>driverlib.lib</file>
         <name>cpu.obj</name>
      </input_file>
   </input_file_list>
   <object_component_list>
      <object_component id="oc-e">
         <name>.intvecs</name>
         <load_address>0x0</load_address>
         <run_address>0x0</run_address>
         <size>0x26c</size>
         <input_file_ref idref="fl-e"/>
      </object_component>
      <object_component id="oc-151">
         <name>.text:UARTvprintf</name>
         <load_address>0x26c</load_address>
         <run_address>0x26c</run_address>
         <size>0x1ea</size>
         <input_file_ref idref="fl-b"/>
      </object_component>
      <object_component id="oc-2e">
         <name>.text:FaultISR</name>
         <load_address>0x456</load_address>
         <run_address>0x456</run_address>
         <size>0x2</size>
         <input_file_ref idref="fl-e"/>
      </object_component>
      <object_component id="oc-17d">
         <name>.text:TarefaServo</name>
         <load_address>0x458</load_address>
         <run_address>0x458</run_address>
         <size>0x180</size>
         <input_file_ref idref="fl-d"/>
      </object_component>
      <object_component id="oc-234">
         <name>.text:SysCtlClockGet</name>
         <load_address>0x5d8</load_address>
         <run_address>0x5d8</run_address>
         <size>0x118</size>
         <input_file_ref idref="fl-14d"/>
      </object_component>
      <object_component id="oc-7f">
         <name>.text:xTaskIncrementTick</name>
         <load_address>0x6f0</load_address>
         <run_address>0x6f0</run_address>
         <size>0x114</size>
         <input_file_ref idref="fl-7"/>
      </object_component>
      <object_component id="oc-18a">
         <name>.text:TarefaSwitch</name>
         <load_address>0x804</load_address>
         <run_address>0x804</run_address>
         <size>0x104</size>
         <input_file_ref idref="fl-c"/>
      </object_component>
      <object_component id="oc-243">
         <name>.text:xQueueGenericReceive</name>
         <load_address>0x908</load_address>
         <run_address>0x908</run_address>
         <size>0x100</size>
         <input_file_ref idref="fl-8"/>
      </object_component>
      <object_component id="oc-178">
         <name>.text:xTaskGenericCreate</name>
         <load_address>0xa08</load_address>
         <run_address>0xa08</run_address>
         <size>0xe0</size>
         <input_file_ref idref="fl-7"/>
      </object_component>
      <object_component id="oc-1cf">
         <name>.text:xTaskResumeAll</name>
         <load_address>0xae8</load_address>
         <run_address>0xae8</run_address>
         <size>0xd0</size>
         <input_file_ref idref="fl-7"/>
      </object_component>
      <object_component id="oc-167">
         <name>.text:xQueueGenericSend</name>
         <load_address>0xbb8</load_address>
         <run_address>0xbb8</run_address>
         <size>0xc6</size>
         <input_file_ref idref="fl-8"/>
      </object_component>
      <object_component id="oc-33">
         <name>.text:IntDefaultHandler</name>
         <load_address>0xc7e</load_address>
         <run_address>0xc7e</run_address>
         <size>0x2</size>
         <input_file_ref idref="fl-e"/>
      </object_component>
      <object_component id="oc-15d">
         <name>.text:pvPortMalloc</name>
         <load_address>0xc80</load_address>
         <run_address>0xc80</run_address>
         <size>0xac</size>
         <input_file_ref idref="fl-6"/>
      </object_component>
      <object_component id="oc-38">
         <name>.text</name>
         <load_address>0xd2c</load_address>
         <run_address>0xd2c</run_address>
         <size>0xa6</size>
         <input_file_ref idref="fl-4"/>
      </object_component>
      <object_component id="oc-29">
         <name>.text:NmiSR</name>
         <load_address>0xdd2</load_address>
         <run_address>0xdd2</run_address>
         <size>0x2</size>
         <input_file_ref idref="fl-e"/>
      </object_component>
      <object_component id="oc-e2">
         <name>.text:ConfigurePWM</name>
         <load_address>0xdd4</load_address>
         <run_address>0xdd4</run_address>
         <size>0x9c</size>
         <input_file_ref idref="fl-f"/>
      </object_component>
      <object_component id="oc-55">
         <name>.text</name>
         <load_address>0xe70</load_address>
         <run_address>0xe70</run_address>
         <size>0x9c</size>
         <input_file_ref idref="fl-144"/>
      </object_component>
      <object_component id="oc-79">
         <name>.text:vTaskSwitchContext</name>
         <load_address>0xf0c</load_address>
         <run_address>0xf0c</run_address>
         <size>0x9c</size>
         <input_file_ref idref="fl-7"/>
      </object_component>
      <object_component id="oc-44">
         <name>.text</name>
         <load_address>0xfa8</load_address>
         <run_address>0xfa8</run_address>
         <size>0x94</size>
         <input_file_ref idref="fl-14a"/>
      </object_component>
      <object_component id="oc-25b">
         <name>.text:ButtonsPoll</name>
         <load_address>0x103c</load_address>
         <run_address>0x103c</run_address>
         <size>0x7c</size>
         <input_file_ref idref="fl-3"/>
      </object_component>
      <object_component id="oc-97">
         <name>.text:main</name>
         <load_address>0x10b8</load_address>
         <run_address>0x10b8</run_address>
         <size>0x78</size>
         <input_file_ref idref="fl-f"/>
      </object_component>
      <object_component id="oc-2be">
         <name>.text</name>
         <load_address>0x1130</load_address>
         <run_address>0x1130</run_address>
         <size>0x78</size>
         <input_file_ref idref="fl-145"/>
      </object_component>
      <object_component id="oc-219">
         <name>.text:xQueueGenericReset</name>
         <load_address>0x11a8</load_address>
         <run_address>0x11a8</run_address>
         <size>0x70</size>
         <input_file_ref idref="fl-8"/>
      </object_component>
      <object_component id="oc-207">
         <name>.text:xTaskRemoveFromEventList</name>
         <load_address>0x1218</load_address>
         <run_address>0x1218</run_address>
         <size>0x70</size>
         <input_file_ref idref="fl-7"/>
      </object_component>
      <object_component id="oc-2dd">
         <name>.text:vTaskPriorityInherit</name>
         <load_address>0x1288</load_address>
         <run_address>0x1288</run_address>
         <size>0x6c</size>
         <input_file_ref idref="fl-7"/>
      </object_component>
      <object_component id="oc-202">
         <name>.text:prvCopyDataToQueue</name>
         <load_address>0x12f4</load_address>
         <run_address>0x12f4</run_address>
         <size>0x6a</size>
         <input_file_ref idref="fl-8"/>
      </object_component>
      <object_component id="oc-bb">
         <name>.text:vApplicationStackOverflowHook</name>
         <load_address>0x135e</load_address>
         <run_address>0x135e</run_address>
         <size>0x2</size>
         <input_file_ref idref="fl-f"/>
      </object_component>
      <object_component id="oc-185">
         <name>.text:ButtonsInit</name>
         <load_address>0x1360</load_address>
         <run_address>0x1360</run_address>
         <size>0x68</size>
         <input_file_ref idref="fl-3"/>
      </object_component>
      <object_component id="oc-dd">
         <name>.text:ConfigureUART</name>
         <load_address>0x13c8</load_address>
         <run_address>0x13c8</run_address>
         <size>0x64</size>
         <input_file_ref idref="fl-f"/>
      </object_component>
      <object_component id="oc-1ee">
         <name>.text:prvUnlockQueue</name>
         <load_address>0x142c</load_address>
         <run_address>0x142c</run_address>
         <size>0x62</size>
         <input_file_ref idref="fl-8"/>
      </object_component>
      <object_component id="oc-14a">
         <name>.text:UARTStdioConfig</name>
         <load_address>0x1490</load_address>
         <run_address>0x1490</run_address>
         <size>0x60</size>
         <input_file_ref idref="fl-b"/>
      </object_component>
      <object_component id="oc-22e">
         <name>.text:prvInitialiseTaskLists</name>
         <load_address>0x14f0</load_address>
         <run_address>0x14f0</run_address>
         <size>0x60</size>
         <input_file_ref idref="fl-7"/>
      </object_component>
      <object_component id="oc-67">
         <name>.text</name>
         <load_address>0x1550</load_address>
         <run_address>0x1550</run_address>
         <size>0x5e</size>
         <input_file_ref idref="fl-13f"/>
      </object_component>
      <object_component id="oc-25f">
         <name>.text:vTaskDelayUntil</name>
         <load_address>0x15b0</load_address>
         <run_address>0x15b0</run_address>
         <size>0x5c</size>
         <input_file_ref idref="fl-7"/>
      </object_component>
      <object_component id="oc-270">
         <name>.text:prvCheckTasksWaitingTermination</name>
         <load_address>0x160c</load_address>
         <run_address>0x160c</run_address>
         <size>0x58</size>
         <input_file_ref idref="fl-7"/>
      </object_component>
      <object_component id="oc-1e9">
         <name>.text:xTaskCheckForTimeOut</name>
         <load_address>0x1664</load_address>
         <run_address>0x1664</run_address>
         <size>0x54</size>
         <input_file_ref idref="fl-7"/>
      </object_component>
      <object_component id="oc-224">
         <name>.text:prvInitialiseTCBVariables</name>
         <load_address>0x16b8</load_address>
         <run_address>0x16b8</run_address>
         <size>0x4e</size>
         <input_file_ref idref="fl-7"/>
      </object_component>
      <object_component id="oc-2ab">
         <name>.text:prvAddCurrentTaskToDelayedList</name>
         <load_address>0x1708</load_address>
         <run_address>0x1708</run_address>
         <size>0x4c</size>
         <input_file_ref idref="fl-7"/>
      </object_component>
      <object_component id="oc-ec">
         <name>.text:xQueueCreateMutex</name>
         <load_address>0x1754</load_address>
         <run_address>0x1754</run_address>
         <size>0x4c</size>
         <input_file_ref idref="fl-8"/>
      </object_component>
      <object_component id="oc-173">
         <name>.text:xQueueGenericCreate</name>
         <load_address>0x17a0</load_address>
         <run_address>0x17a0</run_address>
         <size>0x4c</size>
         <input_file_ref idref="fl-8"/>
      </object_component>
      <object_component id="oc-f1">
         <name>.text:InicTarefaServo</name>
         <load_address>0x17ec</load_address>
         <run_address>0x17ec</run_address>
         <size>0x48</size>
         <input_file_ref idref="fl-d"/>
      </object_component>
      <object_component id="oc-f6">
         <name>.text:InicTarefaSwitch</name>
         <load_address>0x1834</load_address>
         <run_address>0x1834</run_address>
         <size>0x48</size>
         <input_file_ref idref="fl-c"/>
      </object_component>
      <object_component id="oc-1b8">
         <name>.text:UARTwrite</name>
         <load_address>0x187c</load_address>
         <run_address>0x187c</run_address>
         <size>0x48</size>
         <input_file_ref idref="fl-b"/>
      </object_component>
      <object_component id="oc-10">
         <name>.text</name>
         <load_address>0x18c4</load_address>
         <run_address>0x18c4</run_address>
         <size>0x48</size>
         <input_file_ref idref="fl-13d"/>
      </object_component>
      <object_component id="oc-2b3">
         <name>.text:vTaskPriorityDisinherit</name>
         <load_address>0x190c</load_address>
         <run_address>0x190c</run_address>
         <size>0x48</size>
         <input_file_ref idref="fl-7"/>
      </object_component>
      <object_component id="oc-fb">
         <name>.text:vTaskStartScheduler</name>
         <load_address>0x1954</load_address>
         <run_address>0x1954</run_address>
         <size>0x48</size>
         <input_file_ref idref="fl-7"/>
      </object_component>
      <object_component id="oc-91">
         <name>.text</name>
         <load_address>0x199c</load_address>
         <run_address>0x199c</run_address>
         <size>0x44</size>
         <input_file_ref idref="fl-14b"/>
      </object_component>
      <object_component id="oc-4d">
         <name>.text</name>
         <load_address>0x19e0</load_address>
         <run_address>0x19e0</run_address>
         <size>0x44</size>
         <input_file_ref idref="fl-141"/>
      </object_component>
      <object_component id="oc-214">
         <name>.text:vPortFree</name>
         <load_address>0x1a24</load_address>
         <run_address>0x1a24</run_address>
         <size>0x44</size>
         <input_file_ref idref="fl-6"/>
      </object_component>
      <object_component id="oc-1f8">
         <name>.text:vTaskPlaceOnEventList</name>
         <load_address>0x1a68</load_address>
         <run_address>0x1a68</run_address>
         <size>0x44</size>
         <input_file_ref idref="fl-7"/>
      </object_component>
      <object_component id="oc-1bd">
         <name>.text</name>
         <load_address>0x1aac</load_address>
         <run_address>0x1aac</run_address>
         <size>0x42</size>
         <input_file_ref idref="fl-147"/>
      </object_component>
      <object_component id="oc-190">
         <name>.text:xPortStartScheduler</name>
         <load_address>0x1af0</load_address>
         <run_address>0x1af0</run_address>
         <size>0x40</size>
         <input_file_ref idref="fl-5"/>
      </object_component>
      <object_component id="oc-2a6">
         <name>.text:vListInsert</name>
         <load_address>0x1b30</load_address>
         <run_address>0x1b30</run_address>
         <size>0x38</size>
         <input_file_ref idref="fl-9"/>
      </object_component>
      <object_component id="oc-21f">
         <name>.text:prvAllocateTCBAndStack</name>
         <load_address>0x1b68</load_address>
         <run_address>0x1b68</run_address>
         <size>0x36</size>
         <input_file_ref idref="fl-7"/>
      </object_component>
      <object_component id="oc-1ca">
         <name>.text:prvHeapInit</name>
         <load_address>0x1ba0</load_address>
         <run_address>0x1ba0</run_address>
         <size>0x30</size>
         <input_file_ref idref="fl-6"/>
      </object_component>
      <object_component id="oc-2e2">
         <name>.text:prvCopyDataFromQueue</name>
         <load_address>0x1bd0</load_address>
         <run_address>0x1bd0</run_address>
         <size>0x24</size>
         <input_file_ref idref="fl-8"/>
      </object_component>
      <object_component id="oc-239">
         <name>.text:PWMGenConfigure</name>
         <load_address>0x1bf4</load_address>
         <run_address>0x1bf4</run_address>
         <size>0x22</size>
         <input_file_ref idref="fl-14e"/>
      </object_component>
      <object_component id="oc-229">
         <name>.text:pxPortInitialiseStack</name>
         <load_address>0x1c16</load_address>
         <run_address>0x1c16</run_address>
         <size>0x22</size>
         <input_file_ref idref="fl-5"/>
      </object_component>
      <object_component id="oc-c0">
         <name>.text</name>
         <load_address>0x1c38</load_address>
         <run_address>0x1c38</run_address>
         <size>0x22</size>
         <input_file_ref idref="fl-143"/>
      </object_component>
      <object_component id="oc-c9">
         <name>.text:uxListRemove</name>
         <load_address>0x1c5a</load_address>
         <run_address>0x1c5a</run_address>
         <size>0x22</size>
         <input_file_ref idref="fl-9"/>
      </object_component>
      <object_component id="oc-1f3">
         <name>.text:prvIsQueueFull</name>
         <load_address>0x1c7c</load_address>
         <run_address>0x1c7c</run_address>
         <size>0x1c</size>
         <input_file_ref idref="fl-8"/>
      </object_component>
      <object_component id="oc-3c">
         <name>.text:xPortSysTickHandler</name>
         <load_address>0x1c98</load_address>
         <run_address>0x1c98</run_address>
         <size>0x1c</size>
         <input_file_ref idref="fl-5"/>
      </object_component>
      <object_component id="oc-e7">
         <name>.text:UARTprintf</name>
         <load_address>0x1cb4</load_address>
         <run_address>0x1cb4</run_address>
         <size>0x1a</size>
         <input_file_ref idref="fl-b"/>
      </object_component>
      <object_component id="oc-2d8">
         <name>.text:prvIsQueueEmpty</name>
         <load_address>0x1cce</load_address>
         <run_address>0x1cce</run_address>
         <size>0x1a</size>
         <input_file_ref idref="fl-8"/>
      </object_component>
      <object_component id="oc-48">
         <name>.text</name>
         <load_address>0x1ce8</load_address>
         <run_address>0x1ce8</run_address>
         <size>0x18</size>
         <input_file_ref idref="fl-149"/>
      </object_component>
      <object_component id="oc-ce">
         <name>.text:vListInsertEnd</name>
         <load_address>0x1d00</load_address>
         <run_address>0x1d00</run_address>
         <size>0x18</size>
         <input_file_ref idref="fl-9"/>
      </object_component>
      <object_component id="oc-1da">
         <name>.text:vTaskSetTimeOutState</name>
         <load_address>0x1d18</load_address>
         <run_address>0x1d18</run_address>
         <size>0x18</size>
         <input_file_ref idref="fl-7"/>
      </object_component>
      <object_component id="oc-256">
         <name>.text:xTaskGetTickCount</name>
         <load_address>0x1d30</load_address>
         <run_address>0x1d30</run_address>
         <size>0x18</size>
         <input_file_ref idref="fl-7"/>
      </object_component>
      <object_component id="oc-162">
         <name>.text:vListInitialise</name>
         <load_address>0x1d48</load_address>
         <run_address>0x1d48</run_address>
         <size>0x16</size>
         <input_file_ref idref="fl-9"/>
      </object_component>
      <object_component id="oc-268">
         <name>.text:prvSetupTimerInterrupt</name>
         <load_address>0x1d60</load_address>
         <run_address>0x1d60</run_address>
         <size>0x14</size>
         <input_file_ref idref="fl-5"/>
      </object_component>
      <object_component id="oc-10a">
         <name>.text</name>
         <load_address>0x1d74</load_address>
         <run_address>0x1d74</run_address>
         <size>0x14</size>
         <input_file_ref idref="fl-148"/>
      </object_component>
      <object_component id="oc-1e4">
         <name>.text:vPortEnterCritical</name>
         <load_address>0x1d88</load_address>
         <run_address>0x1d88</run_address>
         <size>0x14</size>
         <input_file_ref idref="fl-5"/>
      </object_component>
      <object_component id="oc-1df">
         <name>.text:vPortExitCritical</name>
         <load_address>0x1d9c</load_address>
         <run_address>0x1d9c</run_address>
         <size>0x14</size>
         <input_file_ref idref="fl-5"/>
      </object_component>
      <object_component id="oc-19">
         <name>.text:decompress:ZI</name>
         <load_address>0x1db0</load_address>
         <run_address>0x1db0</run_address>
         <size>0x12</size>
         <input_file_ref idref="fl-140"/>
      </object_component>
      <object_component id="oc-2f8">
         <name>.text:prvDeleteTCB</name>
         <load_address>0x1dc2</load_address>
         <run_address>0x1dc2</run_address>
         <size>0x12</size>
         <input_file_ref idref="fl-7"/>
      </object_component>
      <object_component id="oc-23e">
         <name>.text:PWMGenPeriodSet</name>
         <load_address>0x1dd4</load_address>
         <run_address>0x1dd4</run_address>
         <size>0x10</size>
         <input_file_ref idref="fl-14e"/>
      </object_component>
      <object_component id="oc-1fd">
         <name>.text:vPortYield</name>
         <load_address>0x1de4</load_address>
         <run_address>0x1de4</run_address>
         <size>0x10</size>
         <input_file_ref idref="fl-5"/>
      </object_component>
      <object_component id="oc-1c5">
         <name>.text:vTaskSuspendAll</name>
         <load_address>0x1df4</load_address>
         <run_address>0x1df4</run_address>
         <size>0x10</size>
         <input_file_ref idref="fl-7"/>
      </object_component>
      <object_component id="oc-14">
         <name>.text:decompress:none</name>
         <load_address>0x1e04</load_address>
         <run_address>0x1e04</run_address>
         <size>0xe</size>
         <input_file_ref idref="fl-13e"/>
      </object_component>
      <object_component id="oc-29f">
         <name>.text:vTaskMissedYield</name>
         <load_address>0x1e14</load_address>
         <run_address>0x1e14</run_address>
         <size>0xc</size>
         <input_file_ref idref="fl-7"/>
      </object_component>
      <object_component id="oc-2e7">
         <name>.text:xTaskGetCurrentTaskHandle</name>
         <load_address>0x1e20</load_address>
         <run_address>0x1e20</run_address>
         <size>0xc</size>
         <input_file_ref idref="fl-7"/>
      </object_component>
      <object_component id="oc-195">
         <name>.text:prvIdleTask</name>
         <load_address>0x1e2c</load_address>
         <run_address>0x1e2c</run_address>
         <size>0x8</size>
         <input_file_ref idref="fl-7"/>
      </object_component>
      <object_component id="oc-24">
         <name>.text:ResetISR</name>
         <load_address>0x1e34</load_address>
         <run_address>0x1e34</run_address>
         <size>0x6</size>
         <input_file_ref idref="fl-e"/>
      </object_component>
      <object_component id="oc-145">
         <name>.text:UARTClockSourceSet</name>
         <load_address>0x1e3a</load_address>
         <run_address>0x1e3a</run_address>
         <size>0x6</size>
         <input_file_ref idref="fl-14c"/>
      </object_component>
      <object_component id="oc-1e">
         <name>.text:decompress:rle24</name>
         <load_address>0x1e40</load_address>
         <run_address>0x1e40</run_address>
         <size>0x6</size>
         <input_file_ref idref="fl-13f"/>
      </object_component>
      <object_component id="oc-2c3">
         <name>.text:vListInitialiseItem</name>
         <load_address>0x1e46</load_address>
         <run_address>0x1e46</run_address>
         <size>0x6</size>
         <input_file_ref idref="fl-9"/>
      </object_component>
      <object_component id="oc-2d2">
         <name>.const:g_pui32Xtals</name>
         <load_address>0x1e4c</load_address>
         <run_address>0x1e4c</run_address>
         <size>0x6c</size>
         <input_file_ref idref="fl-14d"/>
      </object_component>
      <object_component id="oc-1b2">
         <name>.const</name>
         <load_address>0x1eb8</load_address>
         <run_address>0x1eb8</run_address>
         <size>0x1c</size>
         <input_file_ref idref="fl-b"/>
      </object_component>
      <object_component id="oc-c5">
         <name>.const:.string</name>
         <load_address>0x1ed4</load_address>
         <run_address>0x1ed4</run_address>
         <size>0x14</size>
         <input_file_ref idref="fl-7"/>
      </object_component>
      <object_component id="oc-286">
         <name>.const:.string</name>
         <load_address>0x1ee8</load_address>
         <run_address>0x1ee8</run_address>
         <size>0x12</size>
         <input_file_ref idref="fl-b"/>
      </object_component>
      <object_component id="oc-338">
         <name>.cinit..data.load</name>
         <load_address>0x1f00</load_address>
         <run_address>0x1f00</run_address>
         <size>0x23</size>
      </object_component>
      <object_component id="oc-336">
         <name>__TI_handler_table</name>
         <load_address>0x1f24</load_address>
         <run_address>0x1f24</run_address>
         <size>0xc</size>
      </object_component>
      <object_component id="oc-339">
         <name>.cinit..bss.load</name>
         <load_address>0x1f30</load_address>
         <run_address>0x1f30</run_address>
         <size>0x8</size>
      </object_component>
      <object_component id="oc-337">
         <name>__TI_cinit_table</name>
         <load_address>0x1f38</load_address>
         <run_address>0x1f38</run_address>
         <size>0x10</size>
      </object_component>
      <object_component id="oc-52">
         <name>.data</name>
         <load_address>0x20007948</load_address>
         <run_address>0x20007948</run_address>
         <size>0x4</size>
         <input_file_ref idref="fl-146"/>
      </object_component>
      <object_component id="oc-77">
         <name>.data</name>
         <load_address>0x200078f4</load_address>
         <run_address>0x200078f4</run_address>
         <size>0x30</size>
         <input_file_ref idref="fl-7"/>
      </object_component>
      <object_component id="oc-9e">
         <name>.data</name>
         <load_address>0x2000792c</load_address>
         <run_address>0x2000792c</run_address>
         <size>0x8</size>
         <input_file_ref idref="fl-148"/>
      </object_component>
      <object_component id="oc-a0">
         <name>.data</name>
         <load_address>0x20007934</load_address>
         <run_address>0x20007934</run_address>
         <size>0x8</size>
         <input_file_ref idref="fl-141"/>
      </object_component>
      <object_component id="oc-1b4">
         <name>.data</name>
         <load_address>0x2000793c</load_address>
         <run_address>0x2000793c</run_address>
         <size>0x5</size>
         <input_file_ref idref="fl-b"/>
      </object_component>
      <object_component id="oc-1d4">
         <name>.data</name>
         <load_address>0x20007924</load_address>
         <run_address>0x20007924</run_address>
         <size>0x8</size>
         <input_file_ref idref="fl-6"/>
      </object_component>
      <object_component id="oc-252">
         <name>.data</name>
         <load_address>0x20007941</load_address>
         <run_address>0x20007941</run_address>
         <size>0x3</size>
         <input_file_ref idref="fl-3"/>
      </object_component>
      <object_component id="oc-26d">
         <name>.data</name>
         <load_address>0x20007944</load_address>
         <run_address>0x20007944</run_address>
         <size>0x4</size>
         <input_file_ref idref="fl-5"/>
      </object_component>
      <object_component id="oc-c6">
         <name>.bss:pxReadyTasksLists</name>
         <uninitialized>true</uninitialized>
         <run_address>0x20007530</run_address>
         <size>0x140</size>
         <input_file_ref idref="fl-7"/>
      </object_component>
      <object_component id="oc-292">
         <name>.bss:ucHeap</name>
         <uninitialized>true</uninitialized>
         <run_address>0x20000000</run_address>
         <size>0x7530</size>
         <input_file_ref idref="fl-6"/>
      </object_component>
      <object_component id="oc-2bb">
         <name>.common:xStart</name>
         <uninitialized>true</uninitialized>
         <run_address>0x200076dc</run_address>
         <size>0x8</size>
      </object_component>
      <object_component id="oc-294">
         <name>.common:xEnd</name>
         <uninitialized>true</uninitialized>
         <run_address>0x200076d4</run_address>
         <size>0x8</size>
      </object_component>
      <object_component id="oc-2ca">
         <name>.common:xDelayedTaskList1</name>
         <uninitialized>true</uninitialized>
         <run_address>0x20007670</run_address>
         <size>0x14</size>
      </object_component>
      <object_component id="oc-2cb">
         <name>.common:xDelayedTaskList2</name>
         <uninitialized>true</uninitialized>
         <run_address>0x20007684</run_address>
         <size>0x14</size>
      </object_component>
      <object_component id="oc-303">
         <name>.common:pxDelayedTaskList</name>
         <uninitialized>true</uninitialized>
         <run_address>0x200076ec</run_address>
         <size>0x4</size>
      </object_component>
      <object_component id="oc-304">
         <name>.common:pxOverflowDelayedTaskList</name>
         <uninitialized>true</uninitialized>
         <run_address>0x200076f0</run_address>
         <size>0x4</size>
      </object_component>
      <object_component id="oc-2cc">
         <name>.common:xPendingReadyList</name>
         <uninitialized>true</uninitialized>
         <run_address>0x20007698</run_address>
         <size>0x14</size>
      </object_component>
      <object_component id="oc-2fd">
         <name>.common:xTasksWaitingTermination</name>
         <uninitialized>true</uninitialized>
         <run_address>0x200076c0</run_address>
         <size>0x14</size>
      </object_component>
      <object_component id="oc-2ce">
         <name>.common:xSuspendedTaskList</name>
         <uninitialized>true</uninitialized>
         <run_address>0x200076ac</run_address>
         <size>0x14</size>
      </object_component>
      <object_component id="oc-265">
         <name>.common:g_FilaServo</name>
         <uninitialized>true</uninitialized>
         <run_address>0x200076e4</run_address>
         <size>0x4</size>
      </object_component>
      <object_component id="oc-264">
         <name>.common:g_pUARTSemaphore</name>
         <uninitialized>true</uninitialized>
         <run_address>0x200076e8</run_address>
         <size>0x4</size>
      </object_component>
      <object_component id="oc-23">
         <name>.stack</name>
         <uninitialized>true</uninitialized>
         <run_address>0x200076f4</run_address>
         <size>0x0</size>
         <input_file_ref idref="fl-13d"/>
      </object_component>
      <object_component id="oc-33a">
         <name>.stack</name>
         <uninitialized>true</uninitialized>
         <run_address>0x200076f4</run_address>
         <size>0x0</size>
      </object_component>
      <object_component id="oc-f">
         <name>.debug_info</name>
         <load_address>0x0</load_address>
         <run_address>0x0</run_address>
         <size>0xe8</size>
         <input_file_ref idref="fl-e"/>
      </object_component>
      <object_component id="oc-11">
         <name>.debug_info</name>
         <load_address>0xe8</load_address>
         <run_address>0xe8</run_address>
         <size>0xf3</size>
         <input_file_ref idref="fl-13d"/>
      </object_component>
      <object_component id="oc-17">
         <name>.debug_info</name>
         <load_address>0x1db</load_address>
         <run_address>0x1db</run_address>
         <size>0x194</size>
         <input_file_ref idref="fl-13e"/>
      </object_component>
      <object_component id="oc-1a">
         <name>.debug_info</name>
         <load_address>0x36f</load_address>
         <run_address>0x36f</run_address>
         <size>0x16a</size>
         <input_file_ref idref="fl-140"/>
      </object_component>
      <object_component id="oc-1f">
         <name>.debug_info</name>
         <load_address>0x4d9</load_address>
         <run_address>0x4d9</run_address>
         <size>0x18e</size>
         <input_file_ref idref="fl-13f"/>
      </object_component>
      <object_component id="oc-25">
         <name>.debug_info</name>
         <load_address>0x667</load_address>
         <run_address>0x667</run_address>
         <size>0x118</size>
         <input_file_ref idref="fl-e"/>
      </object_component>
      <object_component id="oc-2a">
         <name>.debug_info</name>
         <load_address>0x77f</load_address>
         <run_address>0x77f</run_address>
         <size>0x109</size>
         <input_file_ref idref="fl-e"/>
      </object_component>
      <object_component id="oc-2f">
         <name>.debug_info</name>
         <load_address>0x888</load_address>
         <run_address>0x888</run_address>
         <size>0x10f</size>
         <input_file_ref idref="fl-e"/>
      </object_component>
      <object_component id="oc-34">
         <name>.debug_info</name>
         <load_address>0x997</load_address>
         <run_address>0x997</run_address>
         <size>0x121</size>
         <input_file_ref idref="fl-e"/>
      </object_component>
      <object_component id="oc-39">
         <name>.debug_info</name>
         <load_address>0xab8</load_address>
         <run_address>0xab8</run_address>
         <size>0x1da</size>
         <input_file_ref idref="fl-4"/>
      </object_component>
      <object_component id="oc-3d">
         <name>.debug_info</name>
         <load_address>0xc92</load_address>
         <run_address>0xc92</run_address>
         <size>0x265</size>
         <input_file_ref idref="fl-5"/>
      </object_component>
      <object_component id="oc-43">
         <name>.debug_info</name>
         <load_address>0xef7</load_address>
         <run_address>0xef7</run_address>
         <size>0x183</size>
         <input_file_ref idref="fl-e"/>
      </object_component>
      <object_component id="oc-47">
         <name>.debug_info</name>
         <load_address>0x107a</load_address>
         <run_address>0x107a</run_address>
         <size>0x13d</size>
         <input_file_ref idref="fl-14a"/>
      </object_component>
      <object_component id="oc-4a">
         <name>.debug_info</name>
         <load_address>0x11b7</load_address>
         <run_address>0x11b7</run_address>
         <size>0x11c</size>
         <input_file_ref idref="fl-149"/>
      </object_component>
      <object_component id="oc-4e">
         <name>.debug_info</name>
         <load_address>0x12d3</load_address>
         <run_address>0x12d3</run_address>
         <size>0x1c2</size>
         <input_file_ref idref="fl-141"/>
      </object_component>
      <object_component id="oc-53">
         <name>.debug_info</name>
         <load_address>0x1495</load_address>
         <run_address>0x1495</run_address>
         <size>0xbe</size>
         <input_file_ref idref="fl-146"/>
      </object_component>
      <object_component id="oc-58">
         <name>.debug_info</name>
         <load_address>0x1553</load_address>
         <run_address>0x1553</run_address>
         <size>0xcc</size>
         <input_file_ref idref="fl-144"/>
      </object_component>
      <object_component id="oc-5a">
         <name>.debug_info</name>
         <load_address>0x161f</load_address>
         <run_address>0x161f</run_address>
         <size>0x46</size>
         <input_file_ref idref="fl-13e"/>
      </object_component>
      <object_component id="oc-5f">
         <name>.debug_info</name>
         <load_address>0x1665</load_address>
         <run_address>0x1665</run_address>
         <size>0xf2</size>
         <input_file_ref idref="fl-13e"/>
      </object_component>
      <object_component id="oc-61">
         <name>.debug_info</name>
         <load_address>0x1757</load_address>
         <run_address>0x1757</run_address>
         <size>0x46</size>
         <input_file_ref idref="fl-140"/>
      </object_component>
      <object_component id="oc-66">
         <name>.debug_info</name>
         <load_address>0x179d</load_address>
         <run_address>0x179d</run_address>
         <size>0xad</size>
         <input_file_ref idref="fl-140"/>
      </object_component>
      <object_component id="oc-69">
         <name>.debug_info</name>
         <load_address>0x184a</load_address>
         <run_address>0x184a</run_address>
         <size>0x1ef</size>
         <input_file_ref idref="fl-13f"/>
      </object_component>
      <object_component id="oc-6d">
         <name>.debug_info</name>
         <load_address>0x1a39</load_address>
         <run_address>0x1a39</run_address>
         <size>0xb7</size>
         <input_file_ref idref="fl-13f"/>
      </object_component>
      <object_component id="oc-6e">
         <name>.debug_info</name>
         <load_address>0x1af0</load_address>
         <run_address>0x1af0</run_address>
         <size>0x39</size>
         <input_file_ref idref="fl-13f"/>
      </object_component>
      <object_component id="oc-78">
         <name>.debug_info</name>
         <load_address>0x1b29</load_address>
         <run_address>0x1b29</run_address>
         <size>0x32b</size>
         <input_file_ref idref="fl-7"/>
      </object_component>
      <object_component id="oc-7a">
         <name>.debug_info</name>
         <load_address>0x1e54</load_address>
         <run_address>0x1e54</run_address>
         <size>0x285</size>
         <input_file_ref idref="fl-7"/>
      </object_component>
      <object_component id="oc-80">
         <name>.debug_info</name>
         <load_address>0x20d9</load_address>
         <run_address>0x20d9</run_address>
         <size>0x2b9</size>
         <input_file_ref idref="fl-7"/>
      </object_component>
      <object_component id="oc-87">
         <name>.debug_info</name>
         <load_address>0x2392</load_address>
         <run_address>0x2392</run_address>
         <size>0x84</size>
         <input_file_ref idref="fl-2"/>
      </object_component>
      <object_component id="oc-8c">
         <name>.debug_info</name>
         <load_address>0x2416</load_address>
         <run_address>0x2416</run_address>
         <size>0x18b</size>
         <input_file_ref idref="fl-2"/>
      </object_component>
      <object_component id="oc-95">
         <name>.debug_info</name>
         <load_address>0x25a1</load_address>
         <run_address>0x25a1</run_address>
         <size>0x14b</size>
         <input_file_ref idref="fl-14b"/>
      </object_component>
      <object_component id="oc-98">
         <name>.debug_info</name>
         <load_address>0x26ec</load_address>
         <run_address>0x26ec</run_address>
         <size>0x1b2</size>
         <input_file_ref idref="fl-f"/>
      </object_component>
      <object_component id="oc-9d">
         <name>.debug_info</name>
         <load_address>0x289e</load_address>
         <run_address>0x289e</run_address>
         <size>0x11b</size>
         <input_file_ref idref="fl-149"/>
      </object_component>
      <object_component id="oc-9f">
         <name>.debug_info</name>
         <load_address>0x29b9</load_address>
         <run_address>0x29b9</run_address>
         <size>0xc8</size>
         <input_file_ref idref="fl-148"/>
      </object_component>
      <object_component id="oc-a1">
         <name>.debug_info</name>
         <load_address>0x2a81</load_address>
         <run_address>0x2a81</run_address>
         <size>0xeb</size>
         <input_file_ref idref="fl-141"/>
      </object_component>
      <object_component id="oc-a3">
         <name>.debug_info</name>
         <load_address>0x2b6c</load_address>
         <run_address>0x2b6c</run_address>
         <size>0x146</size>
         <input_file_ref idref="fl-141"/>
      </object_component>
      <object_component id="oc-a7">
         <name>.debug_info</name>
         <load_address>0x2cb2</load_address>
         <run_address>0x2cb2</run_address>
         <size>0x2c</size>
         <input_file_ref idref="fl-13e"/>
      </object_component>
      <object_component id="oc-ae">
         <name>.debug_info</name>
         <load_address>0x2cde</load_address>
         <run_address>0x2cde</run_address>
         <size>0x2c</size>
         <input_file_ref idref="fl-140"/>
      </object_component>
      <object_component id="oc-ba">
         <name>.debug_info</name>
         <load_address>0x2d0a</load_address>
         <run_address>0x2d0a</run_address>
         <size>0x789</size>
         <input_file_ref idref="fl-7"/>
      </object_component>
      <object_component id="oc-bc">
         <name>.debug_info</name>
         <load_address>0x3493</load_address>
         <run_address>0x3493</run_address>
         <size>0x174</size>
         <input_file_ref idref="fl-f"/>
      </object_component>
      <object_component id="oc-c1">
         <name>.debug_info</name>
         <load_address>0x3607</load_address>
         <run_address>0x3607</run_address>
         <size>0x1a0</size>
         <input_file_ref idref="fl-143"/>
      </object_component>
      <object_component id="oc-c7">
         <name>.debug_info</name>
         <load_address>0x37a7</load_address>
         <run_address>0x37a7</run_address>
         <size>0x128</size>
         <input_file_ref idref="fl-7"/>
      </object_component>
      <object_component id="oc-ca">
         <name>.debug_info</name>
         <load_address>0x38cf</load_address>
         <run_address>0x38cf</run_address>
         <size>0x225</size>
         <input_file_ref idref="fl-9"/>
      </object_component>
      <object_component id="oc-cf">
         <name>.debug_info</name>
         <load_address>0x3af4</load_address>
         <run_address>0x3af4</run_address>
         <size>0x24d</size>
         <input_file_ref idref="fl-9"/>
      </object_component>
      <object_component id="oc-d6">
         <name>.debug_info</name>
         <load_address>0x3d41</load_address>
         <run_address>0x3d41</run_address>
         <size>0x2c</size>
         <input_file_ref idref="fl-5"/>
      </object_component>
      <object_component id="oc-dc">
         <name>.debug_info</name>
         <load_address>0x3d6d</load_address>
         <run_address>0x3d6d</run_address>
         <size>0x148</size>
         <input_file_ref idref="fl-14b"/>
      </object_component>
      <object_component id="oc-de">
         <name>.debug_info</name>
         <load_address>0x3eb5</load_address>
         <run_address>0x3eb5</run_address>
         <size>0x17a</size>
         <input_file_ref idref="fl-f"/>
      </object_component>
      <object_component id="oc-e3">
         <name>.debug_info</name>
         <load_address>0x402f</load_address>
         <run_address>0x402f</run_address>
         <size>0x15e</size>
         <input_file_ref idref="fl-f"/>
      </object_component>
      <object_component id="oc-e8">
         <name>.debug_info</name>
         <load_address>0x418d</load_address>
         <run_address>0x418d</run_address>
         <size>0x1d0</size>
         <input_file_ref idref="fl-b"/>
      </object_component>
      <object_component id="oc-ed">
         <name>.debug_info</name>
         <load_address>0x435d</load_address>
         <run_address>0x435d</run_address>
         <size>0x288</size>
         <input_file_ref idref="fl-8"/>
      </object_component>
      <object_component id="oc-f2">
         <name>.debug_info</name>
         <load_address>0x45e5</load_address>
         <run_address>0x45e5</run_address>
         <size>0x160</size>
         <input_file_ref idref="fl-d"/>
      </object_component>
      <object_component id="oc-f7">
         <name>.debug_info</name>
         <load_address>0x4745</load_address>
         <run_address>0x4745</run_address>
         <size>0x15d</size>
         <input_file_ref idref="fl-c"/>
      </object_component>
      <object_component id="oc-fc">
         <name>.debug_info</name>
         <load_address>0x48a2</load_address>
         <run_address>0x48a2</run_address>
         <size>0x225</size>
         <input_file_ref idref="fl-7"/>
      </object_component>
      <object_component id="oc-101">
         <name>.debug_info</name>
         <load_address>0x4ac7</load_address>
         <run_address>0x4ac7</run_address>
         <size>0x2c1</size>
         <input_file_ref idref="fl-f"/>
      </object_component>
      <object_component id="oc-105">
         <name>.debug_info</name>
         <load_address>0x4d88</load_address>
         <run_address>0x4d88</run_address>
         <size>0x5e</size>
         <input_file_ref idref="fl-149"/>
      </object_component>
      <object_component id="oc-10b">
         <name>.debug_info</name>
         <load_address>0x4de6</load_address>
         <run_address>0x4de6</run_address>
         <size>0x1d4</size>
         <input_file_ref idref="fl-148"/>
      </object_component>
      <object_component id="oc-111">
         <name>.debug_info</name>
         <load_address>0x4fba</load_address>
         <run_address>0x4fba</run_address>
         <size>0xd9</size>
         <input_file_ref idref="fl-148"/>
      </object_component>
      <object_component id="oc-118">
         <name>.debug_info</name>
         <load_address>0x5093</load_address>
         <run_address>0x5093</run_address>
         <size>0x29e</size>
         <input_file_ref idref="fl-5"/>
      </object_component>
      <object_component id="oc-11d">
         <name>.debug_info</name>
         <load_address>0x5331</load_address>
         <run_address>0x5331</run_address>
         <size>0x2c</size>
         <input_file_ref idref="fl-5"/>
      </object_component>
      <object_component id="oc-122">
         <name>.debug_info</name>
         <load_address>0x535d</load_address>
         <run_address>0x535d</run_address>
         <size>0x39</size>
         <input_file_ref idref="fl-7"/>
      </object_component>
      <object_component id="oc-127">
         <name>.debug_info</name>
         <load_address>0x5396</load_address>
         <run_address>0x5396</run_address>
         <size>0xfc</size>
         <input_file_ref idref="fl-7"/>
      </object_component>
      <object_component id="oc-12c">
         <name>.debug_info</name>
         <load_address>0x5492</load_address>
         <run_address>0x5492</run_address>
         <size>0x14c</size>
         <input_file_ref idref="fl-5"/>
      </object_component>
      <object_component id="oc-131">
         <name>.debug_info</name>
         <load_address>0x55de</load_address>
         <run_address>0x55de</run_address>
         <size>0x110</size>
         <input_file_ref idref="fl-6"/>
      </object_component>
      <object_component id="oc-138">
         <name>.debug_info</name>
         <load_address>0x56ee</load_address>
         <run_address>0x56ee</run_address>
         <size>0xaa</size>
         <input_file_ref idref="fl-143"/>
      </object_component>
      <object_component id="oc-13c">
         <name>.debug_info</name>
         <load_address>0x5798</load_address>
         <run_address>0x5798</run_address>
         <size>0x173</size>
         <input_file_ref idref="fl-9"/>
      </object_component>
      <object_component id="oc-140">
         <name>.debug_info</name>
         <load_address>0x590b</load_address>
         <run_address>0x590b</run_address>
         <size>0xcd</size>
         <input_file_ref idref="fl-14b"/>
      </object_component>
      <object_component id="oc-148">
         <name>.debug_info</name>
         <load_address>0x59d8</load_address>
         <run_address>0x59d8</run_address>
         <size>0x1f5</size>
         <input_file_ref idref="fl-14c"/>
      </object_component>
      <object_component id="oc-14b">
         <name>.debug_info</name>
         <load_address>0x5bcd</load_address>
         <run_address>0x5bcd</run_address>
         <size>0x266</size>
         <input_file_ref idref="fl-b"/>
      </object_component>
      <object_component id="oc-152">
         <name>.debug_info</name>
         <load_address>0x5e33</load_address>
         <run_address>0x5e33</run_address>
         <size>0x335</size>
         <input_file_ref idref="fl-b"/>
      </object_component>
      <object_component id="oc-157">
         <name>.debug_info</name>
         <load_address>0x6168</load_address>
         <run_address>0x6168</run_address>
         <size>0x126</size>
         <input_file_ref idref="fl-b"/>
      </object_component>
      <object_component id="oc-158">
         <name>.debug_info</name>
         <load_address>0x628e</load_address>
         <run_address>0x628e</run_address>
         <size>0x4e</size>
         <input_file_ref idref="fl-2"/>
      </object_component>
      <object_component id="oc-15e">
         <name>.debug_info</name>
         <load_address>0x62dc</load_address>
         <run_address>0x62dc</run_address>
         <size>0x36d</size>
         <input_file_ref idref="fl-6"/>
      </object_component>
      <object_component id="oc-163">
         <name>.debug_info</name>
         <load_address>0x6649</load_address>
         <run_address>0x6649</run_address>
         <size>0x1f2</size>
         <input_file_ref idref="fl-9"/>
      </object_component>
      <object_component id="oc-168">
         <name>.debug_info</name>
         <load_address>0x683b</load_address>
         <run_address>0x683b</run_address>
         <size>0x4f2</size>
         <input_file_ref idref="fl-8"/>
      </object_component>
      <object_component id="oc-16d">
         <name>.debug_info</name>
         <load_address>0x6d2d</load_address>
         <run_address>0x6d2d</run_address>
         <size>0x46</size>
         <input_file_ref idref="fl-8"/>
      </object_component>
      <object_component id="oc-172">
         <name>.debug_info</name>
         <load_address>0x6d73</load_address>
         <run_address>0x6d73</run_address>
         <size>0x5f1</size>
         <input_file_ref idref="fl-8"/>
      </object_component>
      <object_component id="oc-174">
         <name>.debug_info</name>
         <load_address>0x7364</load_address>
         <run_address>0x7364</run_address>
         <size>0x31b</size>
         <input_file_ref idref="fl-8"/>
      </object_component>
      <object_component id="oc-179">
         <name>.debug_info</name>
         <load_address>0x767f</load_address>
         <run_address>0x767f</run_address>
         <size>0x4a0</size>
         <input_file_ref idref="fl-7"/>
      </object_component>
      <object_component id="oc-17e">
         <name>.debug_info</name>
         <load_address>0x7b1f</load_address>
         <run_address>0x7b1f</run_address>
         <size>0x2b6</size>
         <input_file_ref idref="fl-d"/>
      </object_component>
      <object_component id="oc-183">
         <name>.debug_info</name>
         <load_address>0x7dd5</load_address>
         <run_address>0x7dd5</run_address>
         <size>0x3b6</size>
         <input_file_ref idref="fl-d"/>
      </object_component>
      <object_component id="oc-186">
         <name>.debug_info</name>
         <load_address>0x818b</load_address>
         <run_address>0x818b</run_address>
         <size>0x203</size>
         <input_file_ref idref="fl-3"/>
      </object_component>
      <object_component id="oc-18b">
         <name>.debug_info</name>
         <load_address>0x838e</load_address>
         <run_address>0x838e</run_address>
         <size>0x2a0</size>
         <input_file_ref idref="fl-c"/>
      </object_component>
      <object_component id="oc-191">
         <name>.debug_info</name>
         <load_address>0x862e</load_address>
         <run_address>0x862e</run_address>
         <size>0x262</size>
         <input_file_ref idref="fl-5"/>
      </object_component>
      <object_component id="oc-196">
         <name>.debug_info</name>
         <load_address>0x8890</load_address>
         <run_address>0x8890</run_address>
         <size>0x206</size>
         <input_file_ref idref="fl-7"/>
      </object_component>
      <object_component id="oc-19d">
         <name>.debug_info</name>
         <load_address>0x8a96</load_address>
         <run_address>0x8a96</run_address>
         <size>0x2c</size>
         <input_file_ref idref="fl-c"/>
      </object_component>
      <object_component id="oc-1a5">
         <name>.debug_info</name>
         <load_address>0x8ac2</load_address>
         <run_address>0x8ac2</run_address>
         <size>0x264</size>
         <input_file_ref idref="fl-5"/>
      </object_component>
      <object_component id="oc-1a6">
         <name>.debug_info</name>
         <load_address>0x8d26</load_address>
         <run_address>0x8d26</run_address>
         <size>0x24a</size>
         <input_file_ref idref="fl-6"/>
      </object_component>
      <object_component id="oc-1ac">
         <name>.debug_info</name>
         <load_address>0x8f70</load_address>
         <run_address>0x8f70</run_address>
         <size>0x18b</size>
         <input_file_ref idref="fl-14c"/>
      </object_component>
      <object_component id="oc-1b1">
         <name>.debug_info</name>
         <load_address>0x90fb</load_address>
         <run_address>0x90fb</run_address>
         <size>0x1ce</size>
         <input_file_ref idref="fl-14c"/>
      </object_component>
      <object_component id="oc-1b3">
         <name>.debug_info</name>
         <load_address>0x92c9</load_address>
         <run_address>0x92c9</run_address>
         <size>0x15e</size>
         <input_file_ref idref="fl-b"/>
      </object_component>
      <object_component id="oc-1b5">
         <name>.debug_info</name>
         <load_address>0x9427</load_address>
         <run_address>0x9427</run_address>
         <size>0x108</size>
         <input_file_ref idref="fl-b"/>
      </object_component>
      <object_component id="oc-1b6">
         <name>.debug_info</name>
         <load_address>0x952f</load_address>
         <run_address>0x952f</run_address>
         <size>0x261</size>
         <input_file_ref idref="fl-b"/>
      </object_component>
      <object_component id="oc-1b9">
         <name>.debug_info</name>
         <load_address>0x9790</load_address>
         <run_address>0x9790</run_address>
         <size>0x203</size>
         <input_file_ref idref="fl-b"/>
      </object_component>
      <object_component id="oc-1be">
         <name>.debug_info</name>
         <load_address>0x9993</load_address>
         <run_address>0x9993</run_address>
         <size>0x137</size>
         <input_file_ref idref="fl-147"/>
      </object_component>
      <object_component id="oc-1c4">
         <name>.debug_info</name>
         <load_address>0x9aca</load_address>
         <run_address>0x9aca</run_address>
         <size>0x18e</size>
         <input_file_ref idref="fl-2"/>
      </object_component>
      <object_component id="oc-1c6">
         <name>.debug_info</name>
         <load_address>0x9c58</load_address>
         <run_address>0x9c58</run_address>
         <size>0x1ce</size>
         <input_file_ref idref="fl-7"/>
      </object_component>
      <object_component id="oc-1cb">
         <name>.debug_info</name>
         <load_address>0x9e26</load_address>
         <run_address>0x9e26</run_address>
         <size>0x1fb</size>
         <input_file_ref idref="fl-6"/>
      </object_component>
      <object_component id="oc-1d0">
         <name>.debug_info</name>
         <load_address>0xa021</load_address>
         <run_address>0xa021</run_address>
         <size>0x2a0</size>
         <input_file_ref idref="fl-7"/>
      </object_component>
      <object_component id="oc-1d5">
         <name>.debug_info</name>
         <load_address>0xa2c1</load_address>
         <run_address>0xa2c1</run_address>
         <size>0x13e</size>
         <input_file_ref idref="fl-6"/>
      </object_component>
      <object_component id="oc-1db">
         <name>.debug_info</name>
         <load_address>0xa3ff</load_address>
         <run_address>0xa3ff</run_address>
         <size>0x20e</size>
         <input_file_ref idref="fl-7"/>
      </object_component>
      <object_component id="oc-1e0">
         <name>.debug_info</name>
         <load_address>0xa60d</load_address>
         <run_address>0xa60d</run_address>
         <size>0x22d</size>
         <input_file_ref idref="fl-5"/>
      </object_component>
      <object_component id="oc-1e5">
         <name>.debug_info</name>
         <load_address>0xa83a</load_address>
         <run_address>0xa83a</run_address>
         <size>0x22c</size>
         <input_file_ref idref="fl-5"/>
      </object_component>
      <object_component id="oc-1ea">
         <name>.debug_info</name>
         <load_address>0xaa66</load_address>
         <run_address>0xaa66</run_address>
         <size>0x2e2</size>
         <input_file_ref idref="fl-7"/>
      </object_component>
      <object_component id="oc-1ef">
         <name>.debug_info</name>
         <load_address>0xad48</load_address>
         <run_address>0xad48</run_address>
         <size>0x2c7</size>
         <input_file_ref idref="fl-8"/>
      </object_component>
      <object_component id="oc-1f4">
         <name>.debug_info</name>
         <load_address>0xb00f</load_address>
         <run_address>0xb00f</run_address>
         <size>0x245</size>
         <input_file_ref idref="fl-8"/>
      </object_component>
      <object_component id="oc-1f9">
         <name>.debug_info</name>
         <load_address>0xb254</load_address>
         <run_address>0xb254</run_address>
         <size>0x2de</size>
         <input_file_ref idref="fl-7"/>
      </object_component>
      <object_component id="oc-1fe">
         <name>.debug_info</name>
         <load_address>0xb532</load_address>
         <run_address>0xb532</run_address>
         <size>0x200</size>
         <input_file_ref idref="fl-5"/>
      </object_component>
      <object_component id="oc-203">
         <name>.debug_info</name>
         <load_address>0xb732</load_address>
         <run_address>0xb732</run_address>
         <size>0x2b5</size>
         <input_file_ref idref="fl-8"/>
      </object_component>
      <object_component id="oc-208">
         <name>.debug_info</name>
         <load_address>0xb9e7</load_address>
         <run_address>0xb9e7</run_address>
         <size>0x299</size>
         <input_file_ref idref="fl-7"/>
      </object_component>
      <object_component id="oc-20f">
         <name>.debug_info</name>
         <load_address>0xbc80</load_address>
         <run_address>0xbc80</run_address>
         <size>0x1c1</size>
         <input_file_ref idref="fl-8"/>
      </object_component>
      <object_component id="oc-215">
         <name>.debug_info</name>
         <load_address>0xbe41</load_address>
         <run_address>0xbe41</run_address>
         <size>0x299</size>
         <input_file_ref idref="fl-6"/>
      </object_component>
      <object_component id="oc-21a">
         <name>.debug_info</name>
         <load_address>0xc0da</load_address>
         <run_address>0xc0da</run_address>
         <size>0x2da</size>
         <input_file_ref idref="fl-8"/>
      </object_component>
      <object_component id="oc-220">
         <name>.debug_info</name>
         <load_address>0xc3b4</load_address>
         <run_address>0xc3b4</run_address>
         <size>0x2c7</size>
         <input_file_ref idref="fl-7"/>
      </object_component>
      <object_component id="oc-225">
         <name>.debug_info</name>
         <load_address>0xc67b</load_address>
         <run_address>0xc67b</run_address>
         <size>0x2da</size>
         <input_file_ref idref="fl-7"/>
      </object_component>
      <object_component id="oc-22a">
         <name>.debug_info</name>
         <load_address>0xc955</load_address>
         <run_address>0xc955</run_address>
         <size>0x2c8</size>
         <input_file_ref idref="fl-5"/>
      </object_component>
      <object_component id="oc-22f">
         <name>.debug_info</name>
         <load_address>0xcc1d</load_address>
         <run_address>0xcc1d</run_address>
         <size>0x25f</size>
         <input_file_ref idref="fl-7"/>
      </object_component>
      <object_component id="oc-235">
         <name>.debug_info</name>
         <load_address>0xce7c</load_address>
         <run_address>0xce7c</run_address>
         <size>0x219</size>
         <input_file_ref idref="fl-14d"/>
      </object_component>
      <object_component id="oc-23b">
         <name>.debug_info</name>
         <load_address>0xd095</load_address>
         <run_address>0xd095</run_address>
         <size>0x217</size>
         <input_file_ref idref="fl-14e"/>
      </object_component>
      <object_component id="oc-23f">
         <name>.debug_info</name>
         <load_address>0xd2ac</load_address>
         <run_address>0xd2ac</run_address>
         <size>0x21a</size>
         <input_file_ref idref="fl-14e"/>
      </object_component>
      <object_component id="oc-244">
         <name>.debug_info</name>
         <load_address>0xd4c6</load_address>
         <run_address>0xd4c6</run_address>
         <size>0x5a3</size>
         <input_file_ref idref="fl-8"/>
      </object_component>
      <object_component id="oc-24d">
         <name>.debug_info</name>
         <load_address>0xda69</load_address>
         <run_address>0xda69</run_address>
         <size>0x8b</size>
         <input_file_ref idref="fl-d"/>
      </object_component>
      <object_component id="oc-253">
         <name>.debug_info</name>
         <load_address>0xdaf4</load_address>
         <run_address>0xdaf4</run_address>
         <size>0x134</size>
         <input_file_ref idref="fl-3"/>
      </object_component>
      <object_component id="oc-254">
         <name>.debug_info</name>
         <load_address>0xdc28</load_address>
         <run_address>0xdc28</run_address>
         <size>0x2f8</size>
         <input_file_ref idref="fl-3"/>
      </object_component>
      <object_component id="oc-257">
         <name>.debug_info</name>
         <load_address>0xdf20</load_address>
         <run_address>0xdf20</run_address>
         <size>0x21c</size>
         <input_file_ref idref="fl-7"/>
      </object_component>
      <object_component id="oc-260">
         <name>.debug_info</name>
         <load_address>0xe13c</load_address>
         <run_address>0xe13c</run_address>
         <size>0x34d</size>
         <input_file_ref idref="fl-7"/>
      </object_component>
      <object_component id="oc-267">
         <name>.debug_info</name>
         <load_address>0xe489</load_address>
         <run_address>0xe489</run_address>
         <size>0x389</size>
         <input_file_ref idref="fl-c"/>
      </object_component>
      <object_component id="oc-269">
         <name>.debug_info</name>
         <load_address>0xe812</load_address>
         <run_address>0xe812</run_address>
         <size>0x218</size>
         <input_file_ref idref="fl-5"/>
      </object_component>
      <object_component id="oc-26e">
         <name>.debug_info</name>
         <load_address>0xea2a</load_address>
         <run_address>0xea2a</run_address>
         <size>0x13d</size>
         <input_file_ref idref="fl-5"/>
      </object_component>
      <object_component id="oc-271">
         <name>.debug_info</name>
         <load_address>0xeb67</load_address>
         <run_address>0xeb67</run_address>
         <size>0x2a3</size>
         <input_file_ref idref="fl-7"/>
      </object_component>
      <object_component id="oc-27a">
         <name>.debug_info</name>
         <load_address>0xee0a</load_address>
         <run_address>0xee0a</run_address>
         <size>0x70</size>
         <input_file_ref idref="fl-6"/>
      </object_component>
      <object_component id="oc-27f">
         <name>.debug_info</name>
         <load_address>0xee7a</load_address>
         <run_address>0xee7a</run_address>
         <size>0x90</size>
         <input_file_ref idref="fl-14c"/>
      </object_component>
      <object_component id="oc-293">
         <name>.debug_info</name>
         <load_address>0xef0a</load_address>
         <run_address>0xef0a</run_address>
         <size>0x124</size>
         <input_file_ref idref="fl-6"/>
      </object_component>
      <object_component id="oc-2a0">
         <name>.debug_info</name>
         <load_address>0xf02e</load_address>
         <run_address>0xf02e</run_address>
         <size>0x1d0</size>
         <input_file_ref idref="fl-7"/>
      </object_component>
      <object_component id="oc-2a7">
         <name>.debug_info</name>
         <load_address>0xf1fe</load_address>
         <run_address>0xf1fe</run_address>
         <size>0x278</size>
         <input_file_ref idref="fl-9"/>
      </object_component>
      <object_component id="oc-2ac">
         <name>.debug_info</name>
         <load_address>0xf476</load_address>
         <run_address>0xf476</run_address>
         <size>0x253</size>
         <input_file_ref idref="fl-7"/>
      </object_component>
      <object_component id="oc-2b4">
         <name>.debug_info</name>
         <load_address>0xf6c9</load_address>
         <run_address>0xf6c9</run_address>
         <size>0x25f</size>
         <input_file_ref idref="fl-7"/>
      </object_component>
      <object_component id="oc-2bf">
         <name>.debug_info</name>
         <load_address>0xf928</load_address>
         <run_address>0xf928</run_address>
         <size>0xfc</size>
         <input_file_ref idref="fl-145"/>
      </object_component>
      <object_component id="oc-2c4">
         <name>.debug_info</name>
         <load_address>0xfa24</load_address>
         <run_address>0xfa24</run_address>
         <size>0x1fa</size>
         <input_file_ref idref="fl-9"/>
      </object_component>
      <object_component id="oc-2d3">
         <name>.debug_info</name>
         <load_address>0xfc1e</load_address>
         <run_address>0xfc1e</run_address>
         <size>0xff</size>
         <input_file_ref idref="fl-14d"/>
      </object_component>
      <object_component id="oc-2d6">
         <name>.debug_info</name>
         <load_address>0xfd1d</load_address>
         <run_address>0xfd1d</run_address>
         <size>0x194</size>
         <input_file_ref idref="fl-14e"/>
      </object_component>
      <object_component id="oc-2d9">
         <name>.debug_info</name>
         <load_address>0xfeb1</load_address>
         <run_address>0xfeb1</run_address>
         <size>0x247</size>
         <input_file_ref idref="fl-8"/>
      </object_component>
      <object_component id="oc-2de">
         <name>.debug_info</name>
         <load_address>0x100f8</load_address>
         <run_address>0x100f8</run_address>
         <size>0x25f</size>
         <input_file_ref idref="fl-7"/>
      </object_component>
      <object_component id="oc-2e3">
         <name>.debug_info</name>
         <load_address>0x10357</load_address>
         <run_address>0x10357</run_address>
         <size>0x244</size>
         <input_file_ref idref="fl-8"/>
      </object_component>
      <object_component id="oc-2e8">
         <name>.debug_info</name>
         <load_address>0x1059b</load_address>
         <run_address>0x1059b</run_address>
         <size>0x1fd</size>
         <input_file_ref idref="fl-7"/>
      </object_component>
      <object_component id="oc-2f0">
         <name>.debug_info</name>
         <load_address>0x10798</load_address>
         <run_address>0x10798</run_address>
         <size>0x119</size>
         <input_file_ref idref="fl-3"/>
      </object_component>
      <object_component id="oc-2f9">
         <name>.debug_info</name>
         <load_address>0x108b1</load_address>
         <run_address>0x108b1</run_address>
         <size>0x20d</size>
         <input_file_ref idref="fl-7"/>
      </object_component>
      <object_component id="oc-30b">
         <name>.debug_info</name>
         <load_address>0x10abe</load_address>
         <run_address>0x10abe</run_address>
         <size>0x226</size>
         <input_file_ref idref="fl-14d"/>
      </object_component>
      <object_component id="oc-317">
         <name>.debug_info</name>
         <load_address>0x10ce4</load_address>
         <run_address>0x10ce4</run_address>
         <size>0x5f</size>
         <input_file_ref idref="fl-14d"/>
      </object_component>
      <object_component id="oc-33b">
         <name>.debug_info</name>
         <load_address>0x10d43</load_address>
         <run_address>0x10d43</run_address>
         <size>0xaf</size>
      </object_component>
      <object_component id="oc-12">
         <name>.debug_line</name>
         <load_address>0x0</load_address>
         <run_address>0x0</run_address>
         <size>0x4f</size>
         <input_file_ref idref="fl-13d"/>
      </object_component>
      <object_component id="oc-18">
         <name>.debug_line</name>
         <load_address>0x4f</load_address>
         <run_address>0x4f</run_address>
         <size>0x55</size>
         <input_file_ref idref="fl-13e"/>
      </object_component>
      <object_component id="oc-1b">
         <name>.debug_line</name>
         <load_address>0xa4</load_address>
         <run_address>0xa4</run_address>
         <size>0x4c</size>
         <input_file_ref idref="fl-140"/>
      </object_component>
      <object_component id="oc-20">
         <name>.debug_line</name>
         <load_address>0xf0</load_address>
         <run_address>0xf0</run_address>
         <size>0x4b</size>
         <input_file_ref idref="fl-13f"/>
      </object_component>
      <object_component id="oc-26">
         <name>.debug_line</name>
         <load_address>0x13b</load_address>
         <run_address>0x13b</run_address>
         <size>0x46</size>
         <input_file_ref idref="fl-e"/>
      </object_component>
      <object_component id="oc-2b">
         <name>.debug_line</name>
         <load_address>0x181</load_address>
         <run_address>0x181</run_address>
         <size>0x49</size>
         <input_file_ref idref="fl-e"/>
      </object_component>
      <object_component id="oc-30">
         <name>.debug_line</name>
         <load_address>0x1ca</load_address>
         <run_address>0x1ca</run_address>
         <size>0x49</size>
         <input_file_ref idref="fl-e"/>
      </object_component>
      <object_component id="oc-35">
         <name>.debug_line</name>
         <load_address>0x213</load_address>
         <run_address>0x213</run_address>
         <size>0x49</size>
         <input_file_ref idref="fl-e"/>
      </object_component>
      <object_component id="oc-3a">
         <name>.debug_line</name>
         <load_address>0x25c</load_address>
         <run_address>0x25c</run_address>
         <size>0xc4</size>
         <input_file_ref idref="fl-4"/>
      </object_component>
      <object_component id="oc-3e">
         <name>.debug_line</name>
         <load_address>0x320</load_address>
         <run_address>0x320</run_address>
         <size>0x9e</size>
         <input_file_ref idref="fl-5"/>
      </object_component>
      <object_component id="oc-42">
         <name>.debug_line</name>
         <load_address>0x3be</load_address>
         <run_address>0x3be</run_address>
         <size>0x34</size>
         <input_file_ref idref="fl-e"/>
      </object_component>
      <object_component id="oc-46">
         <name>.debug_line</name>
         <load_address>0x3f2</load_address>
         <run_address>0x3f2</run_address>
         <size>0x87</size>
         <input_file_ref idref="fl-14a"/>
      </object_component>
      <object_component id="oc-4b">
         <name>.debug_line</name>
         <load_address>0x479</load_address>
         <run_address>0x479</run_address>
         <size>0x50</size>
         <input_file_ref idref="fl-149"/>
      </object_component>
      <object_component id="oc-4f">
         <name>.debug_line</name>
         <load_address>0x4c9</load_address>
         <run_address>0x4c9</run_address>
         <size>0x7a</size>
         <input_file_ref idref="fl-141"/>
      </object_component>
      <object_component id="oc-56">
         <name>.debug_line</name>
         <load_address>0x543</load_address>
         <run_address>0x543</run_address>
         <size>0x88</size>
         <input_file_ref idref="fl-144"/>
      </object_component>
      <object_component id="oc-5c">
         <name>.debug_line</name>
         <load_address>0x5cb</load_address>
         <run_address>0x5cb</run_address>
         <size>0x3a</size>
         <input_file_ref idref="fl-13e"/>
      </object_component>
      <object_component id="oc-63">
         <name>.debug_line</name>
         <load_address>0x605</load_address>
         <run_address>0x605</run_address>
         <size>0x34</size>
         <input_file_ref idref="fl-140"/>
      </object_component>
      <object_component id="oc-68">
         <name>.debug_line</name>
         <load_address>0x639</load_address>
         <run_address>0x639</run_address>
         <size>0x8c</size>
         <input_file_ref idref="fl-13f"/>
      </object_component>
      <object_component id="oc-70">
         <name>.debug_line</name>
         <load_address>0x6c5</load_address>
         <run_address>0x6c5</run_address>
         <size>0x39</size>
         <input_file_ref idref="fl-13f"/>
      </object_component>
[...]
         <name>FLASH</name>
         <page_id>0x0</page_id>
         <origin>0x0</origin>
         <length>0x40000</length>
         <used_space>0x1f42</used_space>
         <unused_space>0x3e0be</unused_space>
         <attributes>RX</attributes>
         <usage_details>
            <allocated_space>
               <start_address>0x0</start_address>
               <size>0x26c</size>
               <logical_group_ref idref="lg-3"/>
            </allocated_space>
            <allocated_space>
               <start_address>0x26c</start_address>
               <size>0x1be0</size>
               <logical_group_ref idref="lg-4"/>
            </allocated_space>
            <allocated_space>
               <start_address>0x1e4c</start_address>
               <size>0xae</size>
               <logical_group_ref idref="lg-5"/>
            </allocated_space>
            <available_space>
               <start_address>0x1efa</start_address>
               <size>0x6</size>
            </available_space>
            <allocated_space>
               <start_address>0x1f00</start_address>
               <size>0x48</size>
               <logical_group_ref idref="lg-6"/>
            </allocated_space>
            <available_space>
               <start_address>0x1f48</start_address>
               <size>0x3e0b8</size>
            </available_space>
         </usage_details>
      </memory_area>
      <memory_area display="yes" color="green">
         <name>SRAM</name>
         <page_id>0x0</page_id>
         <origin>0x20000000</origin>
         <length>0x8000</length>
         <used_space>0x794c</used_space>
         <unused_space>0x6b4</unused_space>
         <attributes>RWX</attributes>
         <usage_details>
            <allocated_space>
               <start_address>0x20000000</start_address>
               <size>0x76f4</size>
               <logical_group_ref idref="lg-b"/>
            </allocated_space>
            <allocated_space>
               <start_address>0x200076f4</start_address>
               <size>0x200</size>
               <logical_group_ref idref="lg-d"/>
            </allocated_space>
            <allocated_space>
               <start_address>0x200078f4</start_address>
               <size>0x58</size>
               <logical_group_ref idref="lg-a"/>
            </allocated_space>
            <available_space>
               <start_address>0x2000794c</start_address>
               <size>0x6b4</size>
            </available_space>
         </usage_details>
      </memory_area>
   </placement_map>
   <cptbl_list>
      <cptbl>
         <name>__TI_cinit_table</name>
         <cprec>
            <name>.data</name>
            <load_address>0x1f00</load_address>
            <load_size>0x23</load_size>
            <run_address>0x200078f4</run_address>
            <run_size>0x58</run_size>
            <compression>rle</compression>
         </cprec>
         <cprec>
            <name>.bss</name>
            <load_address>0x1f30</load_address>
            <load_size>0x8</load_size>
            <run_address>0x20000000</run_address>
            <run_size>0x76f4</run_size>
            <compression>zero_init</compression>
         </cprec>
      </cptbl>
   </cptbl_list>
   <handler_table>
      <handler_table_name>__TI_handler_table</handler_table_name>
      <handler>
         <index>0x0</index>
         <name>__TI_decompress_rle24</name>
      </handler>
      <handler>
         <index>0x1</index>
         <name>__TI_decompress_none</name>
      </handler>
      <handler>
         <index>0x2</index>
         <name>__TI_zero_init</name>
      </handler>
   </handler_table>
   <symbol_table>
      <symbol id="sm-1">
         <name>__STACK_TOP</name>
         <value>0x200078f4</value>
      </symbol>
      <symbol id="sm-2">
         <name>__TI_CINIT_Base</name>
         <value>0x1f38</value>
      </symbol>
      <symbol id="sm-3">
         <name>__TI_CINIT_Limit</name>
         <value>0x1f48</value>
      </symbol>
      <symbol id="sm-4">
         <name>__TI_Handler_Table_Base</name>
         <value>0x1f24</value>
      </symbol>
      <symbol id="sm-5">
         <name>__TI_Handler_Table_Limit</name>
         <value>0x1f30</value>
      </symbol>
      <symbol id="sm-6">
         <name>binit</name>
         <value>0xffffffff</value>
      </symbol>
      <symbol id="sm-7">
         <name>__binit__</name>
         <value>0xffffffff</value>
      </symbol>
      <symbol id="sm-8">
         <name>__STACK_SIZE</name>
         <value>0x200</value>
      </symbol>
      <symbol id="sm-9">
         <name>__STACK_END</name>
         <value>0x200078f4</value>
      </symbol>
      <symbol id="sm-a">
         <name>__c_args__</name>
         <value>0xffffffff</value>
      </symbol>
      <symbol id="sm-5a">
         <name>ButtonsInit</name>
         <value>0x1361</value>
         <object_component_ref idref="oc-185"/>
      </symbol>
      <symbol id="sm-5b">
         <name>ButtonsPoll</name>
         <value>0x103d</value>
         <object_component_ref idref="oc-25b"/>
      </symbol>
      <symbol id="sm-65">
         <name>vPortStartFirstTask</name>
         <value>0xdad</value>
         <object_component_ref idref="oc-38"/>
      </symbol>
      <symbol id="sm-66">
         <name>vPortEnableVFP</name>
         <value>0xdc1</value>
         <object_component_ref idref="oc-38"/>
      </symbol>
      <symbol id="sm-67">
         <name>xPortPendSVHandler</name>
         <value>0xd31</value>
         <object_component_ref idref="oc-38"/>
      </symbol>
      <symbol id="sm-68">
         <name>vPortClearInterruptMask</name>
         <value>0xd89</value>
         <object_component_ref idref="oc-38"/>
      </symbol>
      <symbol id="sm-69">
         <name>vPortSetInterruptMask</name>
         <value>0xd7f</value>
         <object_component_ref idref="oc-38"/>
      </symbol>
      <symbol id="sm-6a">
         <name>vPortSVCHandler</name>
         <value>0xd93</value>
         <object_component_ref idref="oc-38"/>
      </symbol>
      <symbol id="sm-cb">
         <name>vPortYield</name>
         <value>0x1de5</value>
         <object_component_ref idref="oc-1fd"/>
      </symbol>
      <symbol id="sm-cc">
         <name>xPortSysTickHandler</name>
         <value>0x1c99</value>
         <object_component_ref idref="oc-3c"/>
      </symbol>
      <symbol id="sm-cd">
         <name>pxPortInitialiseStack</name>
         <value>0x1c17</value>
         <object_component_ref idref="oc-229"/>
      </symbol>
      <symbol id="sm-ce">
         <name>vPortExitCritical</name>
         <value>0x1d9d</value>
         <object_component_ref idref="oc-1df"/>
      </symbol>
      <symbol id="sm-cf">
         <name>xPortStartScheduler</name>
         <value>0x1af1</value>
         <object_component_ref idref="oc-190"/>
      </symbol>
      <symbol id="sm-d0">
         <name>vPortEnterCritical</name>
         <value>0x1d89</value>
         <object_component_ref idref="oc-1e4"/>
      </symbol>
      <symbol id="sm-11b">
         <name>pvPortMalloc</name>
         <value>0xc81</value>
         <object_component_ref idref="oc-15d"/>
      </symbol>
      <symbol id="sm-11c">
         <name>vPortFree</name>
         <value>0x1a25</value>
         <object_component_ref idref="oc-214"/>
      </symbol>
      <symbol id="sm-295">
         <name>vTaskSuspendAll</name>
         <value>0x1df5</value>
         <object_component_ref idref="oc-1c5"/>
      </symbol>
      <symbol id="sm-296">
         <name>vTaskPriorityInherit</name>
         <value>0x1289</value>
         <object_component_ref idref="oc-2dd"/>
      </symbol>
      <symbol id="sm-297">
         <name>vTaskPlaceOnEventList</name>
         <value>0x1a69</value>
         <object_component_ref idref="oc-1f8"/>
      </symbol>
      <symbol id="sm-298">
         <name>xTaskCheckForTimeOut</name>
         <value>0x1665</value>
         <object_component_ref idref="oc-1e9"/>
      </symbol>
      <symbol id="sm-299">
         <name>vTaskStartScheduler</name>
         <value>0x1955</value>
         <object_component_ref idref="oc-fb"/>
      </symbol>
      <symbol id="sm-29a">
         <name>vTaskPriorityDisinherit</name>
         <value>0x190d</value>
         <object_component_ref idref="oc-2b3"/>
      </symbol>
      <symbol id="sm-29b">
         <name>vTaskDelayUntil</name>
         <value>0x15b1</value>
         <object_component_ref idref="oc-25f"/>
      </symbol>
      <symbol id="sm-29c">
         <name>vTaskMissedYield</name>
         <value>0x1e15</value>
         <object_component_ref idref="oc-29f"/>
      </symbol>
      <symbol id="sm-29d">
         <name>xTaskResumeAll</name>
         <value>0xae9</value>
         <object_component_ref idref="oc-1cf"/>
      </symbol>
      <symbol id="sm-29e">
         <name>xTaskGetTickCount</name>
         <value>0x1d31</value>
         <object_component_ref idref="oc-256"/>
      </symbol>
      <symbol id="sm-29f">
         <name>xTaskGenericCreate</name>
         <value>0xa09</value>
         <object_component_ref idref="oc-178"/>
      </symbol>
      <symbol id="sm-2a0">
         <name>pxCurrentTCB</name>
         <value>0x200078f4</value>
         <object_component_ref idref="oc-77"/>
      </symbol>
      <symbol id="sm-2a1">
         <name>vTaskSetTimeOutState</name>
         <value>0x1d19</value>
         <object_component_ref idref="oc-1da"/>
      </symbol>
      <symbol id="sm-2a2">
         <name>xTaskIncrementTick</name>
         <value>0x6f1</value>
         <object_component_ref idref="oc-7f"/>
      </symbol>
      <symbol id="sm-2a3">
         <name>vTaskSwitchContext</name>
         <value>0xf0d</value>
         <object_component_ref idref="oc-79"/>
      </symbol>
      <symbol id="sm-2a4">
         <name>xTaskGetCurrentTaskHandle</name>
         <value>0x1e21</value>
         <object_component_ref idref="oc-2e7"/>
      </symbol>
      <symbol id="sm-2a5">
         <name>xTaskRemoveFromEventList</name>
         <value>0x1219</value>
         <object_component_ref idref="oc-207"/>
      </symbol>
      <symbol id="sm-326">
         <name>xQueueGenericCreate</name>
         <value>0x17a1</value>
         <object_component_ref idref="oc-173"/>
      </symbol>
      <symbol id="sm-327">
         <name>xQueueCreateMutex</name>
         <value>0x1755</value>
         <object_component_ref idref="oc-ec"/>
      </symbol>
      <symbol id="sm-328">
         <name>xQueueGenericSend</name>
         <value>0xbb9</value>
         <object_component_ref idref="oc-167"/>
      </symbol>
      <symbol id="sm-329">
         <name>xQueueGenericReset</name>
         <value>0x11a9</value>
         <object_component_ref idref="oc-219"/>
      </symbol>
      <symbol id="sm-32a">
         <name>xQueueGenericReceive</name>
         <value>0x909</value>
         <object_component_ref idref="oc-243"/>
      </symbol>
      <symbol id="sm-355">
         <name>uxListRemove</name>
         <value>0x1c5b</value>
         <object_component_ref idref="oc-c9"/>
      </symbol>
      <symbol id="sm-356">
         <name>vListInsert</name>
         <value>0x1b31</value>
         <object_component_ref idref="oc-2a6"/>
      </symbol>
      <symbol id="sm-357">
         <name>vListInitialiseItem</name>
         <value>0x1e47</value>
         <object_component_ref idref="oc-2c3"/>
      </symbol>
      <symbol id="sm-358">
         <name>vListInsertEnd</name>
         <value>0x1d01</value>
         <object_component_ref idref="oc-ce"/>
      </symbol>
      <symbol id="sm-359">
         <name>vListInitialise</name>
         <value>0x1d49</value>
         <object_component_ref idref="oc-162"/>
      </symbol>
      <symbol id="sm-3c0">
         <name>UARTStdioConfig</name>
         <value>0x1491</value>
         <object_component_ref idref="oc-14a"/>
      </symbol>
      <symbol id="sm-3c1">
         <name>UARTwrite</name>
         <value>0x187d</value>
         <object_component_ref idref="oc-1b8"/>
      </symbol>
      <symbol id="sm-3c2">
         <name>UARTprintf</name>
         <value>0x1cb5</value>
         <object_component_ref idref="oc-e7"/>
      </symbol>
      <symbol id="sm-3c3">
         <name>UARTvprintf</name>
         <value>0x26d</value>
         <object_component_ref idref="oc-151"/>
      </symbol>
      <symbol id="sm-3ef">
         <name>InicTarefaSwitch</name>
         <value>0x1835</value>
         <object_component_ref idref="oc-f6"/>
      </symbol>
      <symbol id="sm-415">
         <name>g_FilaServo</name>
         <value>0x200076e4</value>
      </symbol>
      <symbol id="sm-416">
         <name>InicTarefaServo</name>
         <value>0x17ed</value>
         <object_component_ref idref="oc-f1"/>
      </symbol>
      <symbol id="sm-442">
         <name>ResetISR</name>
         <value>0x1e35</value>
         <object_component_ref idref="oc-24"/>
      </symbol>
      <symbol id="sm-443">
         <name>g_pfnVectors</name>
         <value>0x0</value>
         <object_component_ref idref="oc-e"/>
      </symbol>
      <symbol id="sm-47b">
         <name>g_pUARTSemaphore</name>
         <value>0x200076e8</value>
      </symbol>
      <symbol id="sm-47c">
         <name>vApplicationStackOverflowHook</name>
         <value>0x135f</value>
         <object_component_ref idref="oc-bb"/>
      </symbol>
      <symbol id="sm-47d">
         <name>main</name>
         <value>0x10b9</value>
         <object_component_ref idref="oc-97"/>
      </symbol>
      <symbol id="sm-47e">
         <name>ConfigureUART</name>
         <value>0x13c9</value>
         <object_component_ref idref="oc-dd"/>
      </symbol>
      <symbol id="sm-47f">
         <name>ConfigurePWM</name>
         <value>0xdd5</value>
         <object_component_ref idref="oc-e2"/>
      </symbol>
      <symbol id="sm-48e">
         <name>_c_int00</name>
         <value>0x18c5</value>
         <object_component_ref idref="oc-10"/>
      </symbol>
      <symbol id="sm-48f">
         <name>__stack</name>
         <value>0x200076f4</value>
         <object_component_ref idref="oc-23"/>
      </symbol>
      <symbol id="sm-4a5">
         <name>__TI_decompress_none</name>
         <value>0x1e05</value>
         <object_component_ref idref="oc-14"/>
      </symbol>
      <symbol id="sm-4c7">
         <name>__TI_decompress_rle24</name>
         <value>0x1e41</value>
         <object_component_ref idref="oc-1e"/>
      </symbol>
      <symbol id="sm-4df">
         <name>__TI_zero_init</name>
         <value>0x1db1</value>
         <object_component_ref idref="oc-19"/>
      </symbol>
      <symbol id="sm-4fb">
         <name>C$$EXIT</name>
         <value>0x19e1</value>
         <object_component_ref idref="oc-4d"/>
      </symbol>
      <symbol id="sm-4fc">
         <name>abort</name>
         <value>0x19e5</value>
         <object_component_ref idref="oc-4d"/>
      </symbol>
      <symbol id="sm-4fd">
         <name>exit</name>
         <value>0x19ed</value>
         <object_component_ref idref="oc-4d"/>
      </symbol>
      <symbol id="sm-4fe">
         <name>__TI_dtors_ptr</name>
         <value>0x20007938</value>
         <object_component_ref idref="oc-a0"/>
      </symbol>
      <symbol id="sm-4ff">
         <name>__TI_cleanup_ptr</name>
         <value>0x20007934</value>
         <object_component_ref idref="oc-a0"/>
      </symbol>
      <symbol id="sm-50f">
         <name>memcmp</name>
         <value>0x1c39</value>
         <object_component_ref idref="oc-c0"/>
      </symbol>
      <symbol id="sm-529">
         <name>memcpy</name>
         <value>0xe71</value>
         <object_component_ref idref="oc-55"/>
      </symbol>
      <symbol id="sm-52a">
         <name>__aeabi_memcpy</name>
         <value>0xe71</value>
         <object_component_ref idref="oc-55"/>
      </symbol>
      <symbol id="sm-52b">
         <name>__aeabi_memcpy8</name>
         <value>0xe71</value>
         <object_component_ref idref="oc-55"/>
      </symbol>
      <symbol id="sm-52c">
         <name>__aeabi_memcpy4</name>
         <value>0xe71</value>
         <object_component_ref idref="oc-55"/>
      </symbol>
      <symbol id="sm-53a">
         <name>__aeabi_memset</name>
         <value>0x1133</value>
         <object_component_ref idref="oc-2be"/>
      </symbol>
      <symbol id="sm-53b">
         <name>memset</name>
         <value>0x1139</value>
         <object_component_ref idref="oc-2be"/>
      </symbol>
      <symbol id="sm-53c">
         <name>__aeabi_memset8</name>
         <value>0x1133</value>
         <object_component_ref idref="oc-2be"/>
      </symbol>
      <symbol id="sm-53d">
         <name>__aeabi_memset4</name>
         <value>0x1133</value>
         <object_component_ref idref="oc-2be"/>
      </symbol>
      <symbol id="sm-53e">
         <name>__aeabi_memclr8</name>
         <value>0x1131</value>
         <object_component_ref idref="oc-2be"/>
      </symbol>
      <symbol id="sm-53f">
         <name>__aeabi_memclr4</name>
         <value>0x1131</value>
         <object_component_ref idref="oc-2be"/>
      </symbol>
      <symbol id="sm-540">
         <name>__aeabi_memclr</name>
         <value>0x1131</value>
         <object_component_ref idref="oc-2be"/>
      </symbol>
      <symbol id="sm-547">
         <name>main_func_sp</name>
         <value>0x20007948</value>
         <object_component_ref idref="oc-52"/>
      </symbol>
      <symbol id="sm-556">
         <name>__aeabi_uidivmod</name>
         <value>0x1aad</value>
         <object_component_ref idref="oc-1bd"/>
      </symbol>
      <symbol id="sm-56c">
         <name>_nop</name>
         <value>0x1d83</value>
         <object_component_ref idref="oc-10a"/>
      </symbol>
      <symbol id="sm-56d">
         <name>_lock</name>
         <value>0x2000792c</value>
         <object_component_ref idref="oc-9e"/>
      </symbol>
      <symbol id="sm-56e">
         <name>_unlock</name>
         <value>0x20007930</value>
         <object_component_ref idref="oc-9e"/>
      </symbol>
      <symbol id="sm-56f">
         <name>_register_lock</name>
         <value>0x1d7b</value>
         <object_component_ref idref="oc-10a"/>
      </symbol>
      <symbol id="sm-570">
         <name>_register_unlock</name>
         <value>0x1d75</value>
         <object_component_ref idref="oc-10a"/>
      </symbol>
      <symbol id="sm-583">
         <name>_args_main</name>
         <value>0x1ce9</value>
         <object_component_ref idref="oc-48"/>
      </symbol>
      <symbol id="sm-59f">
         <name>__TI_auto_init</name>
         <value>0xfa9</value>
         <object_component_ref idref="oc-44"/>
      </symbol>
      <symbol id="sm-5b7">
         <name>copy_in</name>
         <value>0x199d</value>
         <object_component_ref idref="oc-91"/>
      </symbol>
      <symbol id="sm-5cd">
         <name>UARTClockSourceSet</name>
         <value>0x1e3b</value>
         <object_component_ref idref="oc-145"/>
      </symbol>
      <symbol id="sm-5fc">
         <name>SysCtlClockGet</name>
         <value>0x5d9</value>
         <object_component_ref idref="oc-234"/>
      </symbol>
      <symbol id="sm-60f">
         <name>PWMGenPeriodSet</name>
         <value>0x1dd5</value>
         <object_component_ref idref="oc-23e"/>
      </symbol>
      <symbol id="sm-610">
         <name>PWMGenConfigure</name>
         <value>0x1bf5</value>
         <object_component_ref idref="oc-239"/>
      </symbol>
      <symbol id="sm-613">
         <name>__TI_static_base__</name>
         <value>0x0</value>
      </symbol>
      <symbol id="sm-614">
         <name>__TI_args_main</name>
         <value>0x1</value>
      </symbol>
      <symbol id="sm-615">
         <name>SHT$$INIT_ARRAY$$Limit</name>
         <value>0x0</value>
      </symbol>
      <symbol id="sm-616">
         <name>SHT$$INIT_ARRAY$$Base</name>
         <value>0x0</value>
      </symbol>
   </symbol_table>
   <title>Link successful</title>
</link_info>
