******************************************************************************
                  TI ARM Linker PC v5.1.5                      
******************************************************************************
>> Linked Mon Jul 07 11:44:53 2014

OUTPUT FILE NAME:   <final_projectOS.out>
ENTRY POINT SYMBOL: "_c_int00"  address: 000018c5


MEMORY CONFIGURATION

         name            origin    length      used     unused   attr    fill
----------------------  --------  ---------  --------  --------  ----  --------
  FLASH                 00000000   00040000  00001f42  0003e0be  R  X
  SRAM                  20000000   00008000  0000794c  000006b4  RW X


SEGMENT ALLOCATION MAP

run origin  load origin   length   init length attrs members
----------  ----------- ---------- ----------- ----- -------
00000000    00000000    00001f48   00001f48    r-x
  00000000    00000000    0000026c   0000026c    r-- .intvecs
  0000026c    0000026c    00001be0   00001be0    r-x .text
  00001e4c    00001e4c    000000ae   000000ae    r-- .const
  00001f00    00001f00    00000048   00000048    r-- .cinit
20000000    20000000    0000794c   00000000    rw-
  20000000    20000000    000076f4   00000000    rw- .bss
  200076f4    200076f4    00000200   00000000    rw- .stack
  200078f4    200078f4    00000058   00000000    rw- .data


SECTION ALLOCATION MAP

 output                                  attributes/
section   page    origin      length       input sections
--------  ----  ----------  ----------   ----------------
.intvecs   0    00000000    0000026c     
                  00000000    0000026c     startup_ccs.obj (.intvecs)

.init_array 
*          0    00000000    00000000     UNINITIALIZED

.text      0    0000026c    00001be0     
                  0000026c    000001ea     uartstdio.obj (.text:UARTvprintf)
                  00000456    00000002     startup_ccs.obj (.text:FaultISR)
                  00000458    00000180     tarefa_servo.obj (.text:TarefaServo)
                  000005d8    00000118     driverlib.lib : sysctl.obj (.text:SysCtlClockGet)
                  000006f0    00000114     tasks.obj (.text:xTaskIncrementTick)
                  00000804    00000104     tarefa_switch.obj (.text:TarefaSwitch)
                  00000908    00000100     queue.obj (.text:xQueueGenericReceive)
                  00000a08    000000e0     tasks.obj (.text:xTaskGenericCreate)
                  00000ae8    000000d0     tasks.obj (.text:xTaskResumeAll)
                  00000bb8    000000c6     queue.obj (.text:xQueueGenericSend)
                  00000c7e    00000002     startup_ccs.obj (.text:IntDefaultHandler)
                  00000c80    000000ac     heap_2.obj (.text:pvPortMalloc)
                  00000d2c    000000a6     portasm.obj (.text)
                  00000dd2    00000002     startup_ccs.obj (.text:NmiSR)
                  00000dd4    0000009c     freertos_demo.obj (.text:ConfigurePWM)
                  00000e70    0000009c     rtsv7M4_T_le_v4SPD16_eabi.lib : memcpy_t2.obj (.text)
                  00000f0c    0000009c     tasks.obj (.text:vTaskSwitchContext)
                  00000fa8    00000094     rtsv7M4_T_le_v4SPD16_eabi.lib : auto_init.obj (.text)
                  0000103c    0000007c     buttons.obj (.text:ButtonsPoll)
                  000010b8    00000078     freertos_demo.obj (.text:main)
                  00001130    00000078     rtsv7M4_T_le_v4SPD16_eabi.lib : memset_t2.obj (.text)
                  000011a8    00000070     queue.obj (.text:xQueueGenericReset)
                  00001218    00000070     tasks.obj (.text:xTaskRemoveFromEventList)
                  00001288    0000006c     tasks.obj (.text:vTaskPriorityInherit)
                  000012f4    0000006a     queue.obj (.text:prvCopyDataToQueue)
                  0000135e    00000002     freertos_demo.obj (.text:vApplicationStackOverflowHook)
                  00001360    00000068     buttons.obj (.text:ButtonsInit)
                  000013c8    00000064     freertos_demo.obj (.text:ConfigureUART)
                  0000142c    00000062     queue.obj (.text:prvUnlockQueue)
                  0000148e    00000002     --HOLE-- [fill = 0]
                  00001490    00000060     uartstdio.obj (.text:UARTStdioConfig)
                  000014f0    00000060     tasks.obj (.text:prvInitialiseTaskLists)
                  00001550    0000005e     rtsv7M4_T_le_v4SPD16_eabi.lib : copy_decompress_rle.obj (.text)
                  000015ae    00000002     --HOLE-- [fill = 0]
                  000015b0    0000005c     tasks.obj (.text:vTaskDelayUntil)
                  0000160c    00000058     tasks.obj (.text:prvCheckTasksWaitingTermination)
                  00001664    00000054     tasks.obj (.text:xTaskCheckForTimeOut)
                  000016b8    0000004e     tasks.obj (.text:prvInitialiseTCBVariables)
                  00001706    00000002     --HOLE-- [fill = 0]
                  00001708    0000004c     tasks.obj (.text:prvAddCurrentTaskToDelayedList)
                  00001754    0000004c     queue.obj (.text:xQueueCreateMutex)
                  000017a0    0000004c     queue.obj (.text:xQueueGenericCreate)
                  000017ec    00000048     tarefa_servo.obj (.text:InicTarefaServo)
                  00001834    00000048     tarefa_switch.obj (.text:InicTarefaSwitch)
                  0000187c    00000048     uartstdio.obj (.text:UARTwrite)
                  000018c4    00000048     rtsv7M4_T_le_v4SPD16_eabi.lib : boot.obj (.text)
                  0000190c    00000048     tasks.obj (.text:vTaskPriorityDisinherit)
                  00001954    00000048     tasks.obj (.text:vTaskStartScheduler)
                  0000199c    00000044     rtsv7M4_T_le_v4SPD16_eabi.lib : cpy_tbl.obj (.text)
                  000019e0    00000044                                   : exit.obj (.text)
                  00001a24    00000044     heap_2.obj (.text:vPortFree)
                  00001a68    00000044     tasks.obj (.text:vTaskPlaceOnEventList)
                  00001aac    00000042     rtsv7M4_T_le_v4SPD16_eabi.lib : u_divt2.obj (.text)
                  00001aee    00000002     --HOLE-- [fill = 0]
                  00001af0    00000040     port.obj (.text:xPortStartScheduler)
                  00001b30    00000038     list.obj (.text:vListInsert)
                  00001b68    00000036     tasks.obj (.text:prvAllocateTCBAndStack)
                  00001b9e    00000002     --HOLE-- [fill = 0]
                  00001ba0    00000030     heap_2.obj (.text:prvHeapInit)
                  00001bd0    00000024     queue.obj (.text:prvCopyDataFromQueue)
                  00001bf4    00000022     driverlib.lib : pwm.obj (.text:PWMGenConfigure)
                  00001c16    00000022     port.obj (.text:pxPortInitialiseStack)
                  00001c38    00000022     rtsv7M4_T_le_v4SPD16_eabi.lib : memcmp.obj (.text)
                  00001c5a    00000022     list.obj (.text:uxListRemove)
                  00001c7c    0000001c     queue.obj (.text:prvIsQueueFull)
                  00001c98    0000001c     port.obj (.text:xPortSysTickHandler)
                  00001cb4    0000001a     uartstdio.obj (.text:UARTprintf)
                  00001cce    0000001a     queue.obj (.text:prvIsQueueEmpty)
                  00001ce8    00000018     rtsv7M4_T_le_v4SPD16_eabi.lib : args_main.obj (.text)
                  00001d00    00000018     list.obj (.text:vListInsertEnd)
                  00001d18    00000018     tasks.obj (.text:vTaskSetTimeOutState)
                  00001d30    00000018     tasks.obj (.text:xTaskGetTickCount)
                  00001d48    00000016     list.obj (.text:vListInitialise)
                  00001d5e    00000002     --HOLE-- [fill = 0]
                  00001d60    00000014     port.obj (.text:prvSetupTimerInterrupt)
                  00001d74    00000014     rtsv7M4_T_le_v4SPD16_eabi.lib : _lock.obj (.text)
                  00001d88    00000014     port.obj (.text:vPortEnterCritical)
                  00001d9c    00000014     port.obj (.text:vPortExitCritical)
                  00001db0    00000012     rtsv7M4_T_le_v4SPD16_eabi.lib : copy_zero_init.obj (.text:decompress:ZI)
                  00001dc2    00000012     tasks.obj (.text:prvDeleteTCB)
                  00001dd4    00000010     driverlib.lib : pwm.obj (.text:PWMGenPeriodSet)
                  00001de4    00000010     port.obj (.text:vPortYield)
                  00001df4    00000010     tasks.obj (.text:vTaskSuspendAll)
                  00001e04    0000000e     rtsv7M4_T_le_v4SPD16_eabi.lib : copy_decompress_none.obj (.text:decompress:none)
                  00001e12    00000002     --HOLE-- [fill = 0]
                  00001e14    0000000c     tasks.obj (.text:vTaskMissedYield)
                  00001e20    0000000c     tasks.obj (.text:xTaskGetCurrentTaskHandle)
                  00001e2c    00000008     tasks.obj (.text:prvIdleTask)
                  00001e34    00000006     startup_ccs.obj (.text:ResetISR)
                  00001e3a    00000006     driverlib.lib : uart.obj (.text:UARTClockSourceSet)
                  00001e40    00000006     rtsv7M4_T_le_v4SPD16_eabi.lib : copy_decompress_rle.obj (.text:decompress:rle24)
                  00001e46    00000006     list.obj (.text:vListInitialiseItem)

.const     0    00001e4c    000000ae     
                  00001e4c    0000006c     driverlib.lib : sysctl.obj (.const:g_pui32Xtals)
                  00001eb8    0000001c     uartstdio.obj (.const)
                  00001ed4    00000014     tasks.obj (.const:.string)
                  00001ee8    00000012     uartstdio.obj (.const:.string)

.cinit     0    00001f00    00000048     
                  00001f00    00000023     (.cinit..data.load) [load image, compression = rle]
                  00001f23    00000001     --HOLE-- [fill = 0]
                  00001f24    0000000c     (__TI_handler_table)
                  00001f30    00000008     (.cinit..bss.load) [load image, compression = zero_init]
                  00001f38    00000010     (__TI_cinit_table)

.bss       0    20000000    000076f4     UNINITIALIZED
                  20000000    00007530     heap_2.obj (.bss:ucHeap)
                  20007530    00000140     tasks.obj (.bss:pxReadyTasksLists)
                  20007670    00000014     (.common:xDelayedTaskList1)
                  20007684    00000014     (.common:xDelayedTaskList2)
                  20007698    00000014     (.common:xPendingReadyList)
                  200076ac    00000014     (.common:xSuspendedTaskList)
                  200076c0    00000014     (.common:xTasksWaitingTermination)
                  200076d4    00000008     (.common:xEnd)
                  200076dc    00000008     (.common:xStart)
                  200076e4    00000004     (.common:g_FilaServo)
                  200076e8    00000004     (.common:g_pUARTSemaphore)
                  200076ec    00000004     (.common:pxDelayedTaskList)
                  200076f0    00000004     (.common:pxOverflowDelayedTaskList)

.stack     0    200076f4    00000200     UNINITIALIZED
                  200076f4    00000200     --HOLE--

.data      0    200078f4    00000058     UNINITIALIZED
                  200078f4    00000030     tasks.obj (.data)
                  20007924    00000008     heap_2.obj (.data)
                  2000792c    00000008     rtsv7M4_T_le_v4SPD16_eabi.lib : _lock.obj (.data)
                  20007934    00000008                                   : exit.obj (.data)
                  2000793c    00000005     uartstdio.obj (.data)
                  20007941    00000003     buttons.obj (.data)
                  20007944    00000004     port.obj (.data)
                  20007948    00000004     rtsv7M4_T_le_v4SPD16_eabi.lib : stkdepth_vars.obj (.data)


LINKER GENERATED COPY TABLES

__TI_cinit_table @ 00001f38 records: 2, size/record: 8, table size: 16
	.data: load addr=00001f00, load size=00000023 bytes, run addr=200078f4, run size=00000058 bytes, compression=rle
	.bss: load addr=00001f30, load size=00000008 bytes, run addr=20000000, run size=000076f4 bytes, compression=zero_init


LINKER GENERATED HANDLER TABLE

__TI_handler_table @ 00001f24 records: 3, size/record: 4, table size: 12
	index: 0, handler: __TI_decompress_rle24
	index: 1, handler: __TI_decompress_none
	index: 2, handler: __TI_zero_init


GLOBAL SYMBOLS: SORTED ALPHABETICALLY BY Name 

address    name
--------   ----
00001361   ButtonsInit
0000103d   ButtonsPoll
000019e1   C$$EXIT
00000dd5   ConfigurePWM
000013c9   ConfigureUART
000017ed   InicTarefaServo
00001835   InicTarefaSwitch
00001bf5   PWMGenConfigure
00001dd5   PWMGenPeriodSet
00001e35   ResetISR
UNDEFED    SHT$$INIT_ARRAY$$Base
UNDEFED    SHT$$INIT_ARRAY$$Limit
000005d9   SysCtlClockGet
00001e3b   UARTClockSourceSet
00001491   UARTStdioConfig
00001cb5   UARTprintf
0000026d   UARTvprintf
0000187d   UARTwrite
200078f4   __STACK_END
00000200   __STACK_SIZE
200078f4   __STACK_TOP
00001f38   __TI_CINIT_Base
00001f48   __TI_CINIT_Limit
00001f24   __TI_Handler_Table_Base
00001f30   __TI_Handler_Table_Limit
00000001   __TI_args_main
00000fa9   __TI_auto_init
20007934   __TI_cleanup_ptr
00001e05   __TI_decompress_none
00001e41   __TI_decompress_rle24
20007938   __TI_dtors_ptr
00000000   __TI_static_base__
00001db1   __TI_zero_init
00001131   __aeabi_memclr
00001131   __aeabi_memclr4
00001131   __aeabi_memclr8
00000e71   __aeabi_memcpy
00000e71   __aeabi_memcpy4
00000e71   __aeabi_memcpy8
00001133   __aeabi_memset
00001133   __aeabi_memset4
00001133   __aeabi_memset8
00001aad   __aeabi_uidivmod
ffffffff   __binit__
ffffffff   __c_args__
200076f4   __stack
00001ce9   _args_main
000018c5   _c_int00
2000792c   _lock
00001d83   _nop
00001d7b   _register_lock
00001d75   _register_unlock
20007930   _unlock
000019e5   abort
ffffffff   binit
0000199d   copy_in
000019ed   exit
200076e4   g_FilaServo
200076e8   g_pUARTSemaphore
00000000   g_pfnVectors
000010b9   main
20007948   main_func_sp
00001c39   memcmp
00000e71   memcpy
00001139   memset
00000c81   pvPortMalloc
200078f4   pxCurrentTCB
00001c17   pxPortInitialiseStack
00001c5b   uxListRemove
0000135f   vApplicationStackOverflowHook
00001d49   vListInitialise
00001e47   vListInitialiseItem
00001b31   vListInsert
00001d01   vListInsertEnd
00000d89   vPortClearInterruptMask
00000dc1   vPortEnableVFP
00001d89   vPortEnterCritical
00001d9d   vPortExitCritical
00001a25   vPortFree
00000d93   vPortSVCHandler
00000d7f   vPortSetInterruptMask
00000dad   vPortStartFirstTask
00001de5   vPortYield
000015b1   vTaskDelayUntil
00001e15   vTaskMissedYield
00001a69   vTaskPlaceOnEventList
0000190d   vTaskPriorityDisinherit
00001289   vTaskPriorityInherit
00001d19   vTaskSetTimeOutState
00001955   vTaskStartScheduler
00001df5   vTaskSuspendAll
00000f0d   vTaskSwitchContext
00000d31   xPortPendSVHandler
00001af1   xPortStartScheduler
00001c99   xPortSysTickHandler
00001755   xQueueCreateMutex
000017a1   xQueueGenericCreate
00000909   xQueueGenericReceive
000011a9   xQueueGenericReset
00000bb9   xQueueGenericSend
00001665   xTaskCheckForTimeOut
00000a09   xTaskGenericCreate
00001e21   xTaskGetCurrentTaskHandle
00001d31   xTaskGetTickCount
000006f1   xTaskIncrementTick
00001219   xTaskRemoveFromEventList
00000ae9   xTaskResumeAll


GLOBAL SYMBOLS: SORTED BY Symbol Address 

address    name
--------   ----
00000000   __TI_static_base__
00000000   g_pfnVectors
00000001   __TI_args_main
00000200   __STACK_SIZE
0000026d   UARTvprintf
000005d9   SysCtlClockGet
000006f1   xTaskIncrementTick
00000909   xQueueGenericReceive
00000a09   xTaskGenericCreate
00000ae9   xTaskResumeAll
00000bb9   xQueueGenericSend
00000c81   pvPortMalloc
00000d31   xPortPendSVHandler
00000d7f   vPortSetInterruptMask
00000d89   vPortClearInterruptMask
00000d93   vPortSVCHandler
00000dad   vPortStartFirstTask
00000dc1   vPortEnableVFP
00000dd5   ConfigurePWM
00000e71   __aeabi_memcpy
00000e71   __aeabi_memcpy4
00000e71   __aeabi_memcpy8
00000e71   memcpy
00000f0d   vTaskSwitchContext
00000fa9   __TI_auto_init
0000103d   ButtonsPoll
000010b9   main
00001131   __aeabi_memclr
00001131   __aeabi_memclr4
00001131   __aeabi_memclr8
00001133   __aeabi_memset
00001133   __aeabi_memset4
00001133   __aeabi_memset8
00001139   memset
000011a9   xQueueGenericReset
00001219   xTaskRemoveFromEventList
00001289   vTaskPriorityInherit
0000135f   vApplicationStackOverflowHook
00001361   ButtonsInit
000013c9   ConfigureUART
00001491   UARTStdioConfig
000015b1   vTaskDelayUntil
00001665   xTaskCheckForTimeOut
00001755   xQueueCreateMutex
000017a1   xQueueGenericCreate
000017ed   InicTarefaServo
00001835   InicTarefaSwitch
0000187d   UARTwrite
000018c5   _c_int00
0000190d   vTaskPriorityDisinherit
00001955   vTaskStartScheduler
0000199d   copy_in
000019e1   C$$EXIT
000019e5   abort
000019ed   exit
00001a25   vPortFree
00001a69   vTaskPlaceOnEventList
00001aad   __aeabi_uidivmod
00001af1   xPortStartScheduler
00001b31   vListInsert
00001bf5   PWMGenConfigure
00001c17   pxPortInitialiseStack
00001c39   memcmp
00001c5b   uxListRemove
00001c99   xPortSysTickHandler
00001cb5   UARTprintf
00001ce9   _args_main
00001d01   vListInsertEnd
00001d19   vTaskSetTimeOutState
00001d31   xTaskGetTickCount
00001d49   vListInitialise
00001d75   _register_unlock
00001d7b   _register_lock
00001d83   _nop
00001d89   vPortEnterCritical
00001d9d   vPortExitCritical
00001db1   __TI_zero_init
00001dd5   PWMGenPeriodSet
00001de5   vPortYield
00001df5   vTaskSuspendAll
00001e05   __TI_decompress_none
00001e15   vTaskMissedYield
00001e21   xTaskGetCurrentTaskHandle
00001e35   ResetISR
00001e3b   UARTClockSourceSet
00001e41   __TI_decompress_rle24
00001e47   vListInitialiseItem
00001f24   __TI_Handler_Table_Base
00001f30   __TI_Handler_Table_Limit
00001f38   __TI_CINIT_Base
00001f48   __TI_CINIT_Limit
200076e4   g_FilaServo
200076e8   g_pUARTSemaphore
200076f4   __stack
200078f4   __STACK_END
200078f4   __STACK_TOP
200078f4   pxCurrentTCB
2000792c   _lock
20007930   _unlock
20007934   __TI_cleanup_ptr
20007938   __TI_dtors_ptr
20007948   main_func_sp
ffffffff   __binit__
ffffffff   __c_args__
ffffffff   binit
UNDEFED    SHT$$INIT_ARRAY$$Base
UNDEFED    SHT$$INIT_ARRAY$$Limit

[107 symbols]
